C51 COMPILER V9.59.0.0   MAIN                                                              12/29/2023 20:34:27 PAGE 1   


C51 COMPILER V9.59.0.0, COMPILATION OF MODULE MAIN
OBJECT MODULE PLACED IN .\Objects\main.obj
COMPILER INVOKED BY: C:\Keil_v5\C51\BIN\C51.EXE User\main.c OPTIMIZE(8,SPEED) BROWSE INCDIR(.\Hardware;.\System;.\User;.
                    -\PARK) DEBUG OBJECTEXTEND PRINT(.\Listings\main.lst) OBJECT(.\Objects\main.obj)

line level    source

   1          #include        "config.h"
   2          #include        "GPIO.h"
   3          #include        "delay.h"
   4          #include    "OLED.h"
*** ERROR C231 IN LINE 13 OF C:\Keil_v5\C51\Inc\REG51.H: 'P0': redefinition
*** ERROR C231 IN LINE 14 OF C:\Keil_v5\C51\Inc\REG51.H: 'P1': redefinition
*** ERROR C231 IN LINE 15 OF C:\Keil_v5\C51\Inc\REG51.H: 'P2': redefinition
*** ERROR C231 IN LINE 16 OF C:\Keil_v5\C51\Inc\REG51.H: 'P3': redefinition
*** ERROR C231 IN LINE 17 OF C:\Keil_v5\C51\Inc\REG51.H: 'PSW': redefinition
*** ERROR C231 IN LINE 18 OF C:\Keil_v5\C51\Inc\REG51.H: 'ACC': redefinition
*** ERROR C231 IN LINE 19 OF C:\Keil_v5\C51\Inc\REG51.H: 'B': redefinition
*** ERROR C231 IN LINE 20 OF C:\Keil_v5\C51\Inc\REG51.H: 'SP': redefinition
*** ERROR C231 IN LINE 21 OF C:\Keil_v5\C51\Inc\REG51.H: 'DPL': redefinition
*** ERROR C231 IN LINE 22 OF C:\Keil_v5\C51\Inc\REG51.H: 'DPH': redefinition
*** ERROR C231 IN LINE 23 OF C:\Keil_v5\C51\Inc\REG51.H: 'PCON': redefinition
*** ERROR C231 IN LINE 24 OF C:\Keil_v5\C51\Inc\REG51.H: 'TCON': redefinition
*** ERROR C231 IN LINE 25 OF C:\Keil_v5\C51\Inc\REG51.H: 'TMOD': redefinition
*** ERROR C231 IN LINE 26 OF C:\Keil_v5\C51\Inc\REG51.H: 'TL0': redefinition
*** ERROR C231 IN LINE 27 OF C:\Keil_v5\C51\Inc\REG51.H: 'TL1': redefinition
*** ERROR C231 IN LINE 28 OF C:\Keil_v5\C51\Inc\REG51.H: 'TH0': redefinition
*** ERROR C231 IN LINE 29 OF C:\Keil_v5\C51\Inc\REG51.H: 'TH1': redefinition
*** ERROR C231 IN LINE 30 OF C:\Keil_v5\C51\Inc\REG51.H: 'IE': redefinition
*** ERROR C231 IN LINE 31 OF C:\Keil_v5\C51\Inc\REG51.H: 'IP': redefinition
*** ERROR C231 IN LINE 32 OF C:\Keil_v5\C51\Inc\REG51.H: 'SCON': redefinition
*** ERROR C231 IN LINE 33 OF C:\Keil_v5\C51\Inc\REG51.H: 'SBUF': redefinition
*** ERROR C231 IN LINE 38 OF C:\Keil_v5\C51\Inc\REG51.H: 'CY': redefinition
*** ERROR C231 IN LINE 39 OF C:\Keil_v5\C51\Inc\REG51.H: 'AC': redefinition
*** ERROR C231 IN LINE 40 OF C:\Keil_v5\C51\Inc\REG51.H: 'F0': redefinition
*** ERROR C231 IN LINE 41 OF C:\Keil_v5\C51\Inc\REG51.H: 'RS1': redefinition
*** ERROR C231 IN LINE 42 OF C:\Keil_v5\C51\Inc\REG51.H: 'RS0': redefinition
*** ERROR C231 IN LINE 43 OF C:\Keil_v5\C51\Inc\REG51.H: 'OV': redefinition
*** ERROR C231 IN LINE 44 OF C:\Keil_v5\C51\Inc\REG51.H: 'P': redefinition
*** ERROR C231 IN LINE 47 OF C:\Keil_v5\C51\Inc\REG51.H: 'TF1': redefinition
*** ERROR C231 IN LINE 48 OF C:\Keil_v5\C51\Inc\REG51.H: 'TR1': redefinition
*** ERROR C231 IN LINE 49 OF C:\Keil_v5\C51\Inc\REG51.H: 'TF0': redefinition
*** ERROR C231 IN LINE 50 OF C:\Keil_v5\C51\Inc\REG51.H: 'TR0': redefinition
*** ERROR C231 IN LINE 51 OF C:\Keil_v5\C51\Inc\REG51.H: 'IE1': redefinition
*** ERROR C231 IN LINE 52 OF C:\Keil_v5\C51\Inc\REG51.H: 'IT1': redefinition
*** ERROR C231 IN LINE 53 OF C:\Keil_v5\C51\Inc\REG51.H: 'IE0': redefinition
*** ERROR C231 IN LINE 54 OF C:\Keil_v5\C51\Inc\REG51.H: 'IT0': redefinition
*** ERROR C231 IN LINE 57 OF C:\Keil_v5\C51\Inc\REG51.H: 'EA': redefinition
*** ERROR C231 IN LINE 58 OF C:\Keil_v5\C51\Inc\REG51.H: 'ES': redefinition
*** ERROR C231 IN LINE 59 OF C:\Keil_v5\C51\Inc\REG51.H: 'ET1': redefinition
*** ERROR C231 IN LINE 60 OF C:\Keil_v5\C51\Inc\REG51.H: 'EX1': redefinition
*** ERROR C231 IN LINE 61 OF C:\Keil_v5\C51\Inc\REG51.H: 'ET0': redefinition
*** ERROR C231 IN LINE 62 OF C:\Keil_v5\C51\Inc\REG51.H: 'EX0': redefinition
*** ERROR C231 IN LINE 65 OF C:\Keil_v5\C51\Inc\REG51.H: 'PS': redefinition
*** ERROR C231 IN LINE 66 OF C:\Keil_v5\C51\Inc\REG51.H: 'PT1': redefinition
*** ERROR C231 IN LINE 67 OF C:\Keil_v5\C51\Inc\REG51.H: 'PX1': redefinition
*** ERROR C231 IN LINE 68 OF C:\Keil_v5\C51\Inc\REG51.H: 'PT0': redefinition
*** ERROR C231 IN LINE 69 OF C:\Keil_v5\C51\Inc\REG51.H: 'PX0': redefinition
*** ERROR C231 IN LINE 72 OF C:\Keil_v5\C51\Inc\REG51.H: 'RD': redefinition
*** ERROR C231 IN LINE 73 OF C:\Keil_v5\C51\Inc\REG51.H: 'WR': redefinition
*** ERROR C231 IN LINE 74 OF C:\Keil_v5\C51\Inc\REG51.H: 'T1': redefinition
C51 COMPILER V9.59.0.0   MAIN                                                              12/29/2023 20:34:27 PAGE 2   

*** ERROR C231 IN LINE 75 OF C:\Keil_v5\C51\Inc\REG51.H: 'T0': redefinition
*** ERROR C231 IN LINE 76 OF C:\Keil_v5\C51\Inc\REG51.H: 'INT1': redefinition
*** ERROR C231 IN LINE 77 OF C:\Keil_v5\C51\Inc\REG51.H: 'INT0': redefinition
*** ERROR C231 IN LINE 78 OF C:\Keil_v5\C51\Inc\REG51.H: 'TXD': redefinition
*** ERROR C231 IN LINE 79 OF C:\Keil_v5\C51\Inc\REG51.H: 'RXD': redefinition
*** ERROR C231 IN LINE 82 OF C:\Keil_v5\C51\Inc\REG51.H: 'SM0': redefinition
*** ERROR C231 IN LINE 83 OF C:\Keil_v5\C51\Inc\REG51.H: 'SM1': redefinition
*** ERROR C231 IN LINE 84 OF C:\Keil_v5\C51\Inc\REG51.H: 'SM2': redefinition
*** ERROR C231 IN LINE 85 OF C:\Keil_v5\C51\Inc\REG51.H: 'REN': redefinition
*** ERROR C231 IN LINE 86 OF C:\Keil_v5\C51\Inc\REG51.H: 'TB8': redefinition
*** ERROR C231 IN LINE 87 OF C:\Keil_v5\C51\Inc\REG51.H: 'RB8': redefinition
*** ERROR C231 IN LINE 88 OF C:\Keil_v5\C51\Inc\REG51.H: 'TI': redefinition
*** ERROR C231 IN LINE 89 OF C:\Keil_v5\C51\Inc\REG51.H: 'RI': redefinition
   5          
   6          
   7          //void  GPIO_config(void)
   8          //{
   9          //      GPIO_InitTypeDef        GPIO_InitStructure;             //结构定义
  10          //      GPIO_InitStructure.Pin  = GPIO_Pin_All;         //指定要初始化的IO, GPIO_Pin_0 ~ GPIO_Pin_7, 或操作
  11          //      GPIO_InitStructure.Mode = GPIO_OUT_PP;          //指定IO的输入或输出方式,GPIO_PullUp,GPIO_HighZ,GPIO_OUT_OD,GPI
             -O_OUT_PP
  12          //      GPIO_Inilize(GPIO_P0,&GPIO_InitStructure);      //初始化
  13          //}
  14          
  15          
  16          void main()
  17          {
  18   1          OLED_Init();
  19   1          OLED_ShowCN();
  20   1      }

C51 COMPILATION COMPLETE.  0 WARNING(S),  63 ERROR(S)
