<html>
<body>
<pre>
<h1>礦ision Build Log</h1>
<h2>Tool Versions:</h2>
IDE-Version: μVision V5.24.2.0
Copyright (C) 2017 ARM Ltd and ARM Germany GmbH. All rights reserved.
License Information: A ATLAS, A, LIC=PE7DL-02AQM-JJ46S-LRI2T-C5LIU-N9T4W
 
Tool Versions:
Toolchain:       MDK-ARM Plus  Version: 5.24.1
Toolchain Path:  C:\Keil_v5\ARM\ARMCC\Bin
C Compiler:      Armcc.exe V5.05 update 1 (build 106)
Assembler:       Armasm.exe V5.05 update 1 (build 106)
Linker/Locator:  ArmLink.exe V5.05 update 1 (build 106)
Library Manager: ArmAr.exe V5.05 update 1 (build 106)
Hex Converter:   FromElf.exe V5.05 update 1 (build 106)
CPU DLL:         SARMCM3.DLL V5.24.1
Dialog DLL:      DCM.DLL V1.16.0.0
Target DLL:      STLink\ST-LINKIII-KEIL_SWO.dll V3.0.1.0
Dialog DLL:      TCM.DLL V1.32.0.0
 
<h2>Project:</h2>
C:\Users\ATLAS\Desktop\ALIENTEK MINISTM32 实验30 汉字显示实验\USER\HZ.uvprojx
Project File Date:  12/28/2023

<h2>Output:</h2>
*** Using Compiler 'V5.05 update 1 (build 106)', folder: 'C:\Keil_v5\ARM\ARMCC\Bin'
Rebuild target 'Target 1'
assembling startup_stm32f10x_hd.s...
compiling system_stm32f10x.c...
compiling main.c...
compiling DHT11.c...
compiling delay.c...
compiling usart.c...
compiling key.c...
compiling spi.c...
compiling adc.c...
compiling stm32f10x_it.c...
compiling led.c...
compiling core_cm3.c...
compiling flash.c...
compiling stm32f10x_gpio.c...
compiling MMC_SD.C...
compiling sys.c...
compiling lcd.c...
compiling stm32f10x_rcc.c...
compiling misc.c...
compiling stm32f10x_spi.c...
compiling stm32f10x_usart.c...
compiling usmart.c...
compiling malloc.c...
compiling stm32f10x_adc.c...
compiling stm32f10x_tim.c...
compiling mycc936.c...
compiling fattester.c...
compiling exfuns.c...
compiling diskio.c...
compiling usmart_config.c...
compiling usmart_str.c...
compiling text.c...
compiling fontupd.c...
compiling ff.c...
linking...
Program Size: Code=54452 RO-data=8412 RW-data=936 ZI-data=40064  
FromELF: creating hex file...
"..\OBJ\HZ.axf" - 0 Error(s), 0 Warning(s).

<h2>Software Packages used:</h2>

Package Vendor: Keil
                http://www.keil.com/pack/Keil.STM32F1xx_DFP.2.2.0.pack
                Keil.STM32F1xx_DFP.2.2.0
                STMicroelectronics STM32F1 Series Device Support, Drivers and Examples

<h2>Collection of Component include folders:</h2>
  .\RTE\_Target_1
  C:\Keil_v5\ARM\PACK\Keil\STM32F1xx_DFP\2.2.0\Device\Include

<h2>Collection of Component Files used:</h2>
Build Time Elapsed:  00:00:02
</pre>
</body>
</html>
