C51 COMPILER V9.59.0.0   MAIN                                                              01/03/2024 14:51:13 PAGE 1   


C51 COMPILER V9.59.0.0, COMPILATION OF MODULE MAIN
OBJECT MODULE PLACED IN .\Objects\main.obj
COMPILER INVOKED BY: C:\Keil_v5\C51\BIN\C51.EXE User\main.c LARGE OPTIMIZE(8,SPEED) BROWSE INCDIR(.\Hardware;.\System;.\
                    -User;C:\Keil_v5\C51\INC\STC) DEBUG OBJECTEXTEND PRINT(.\Listings\main.lst) OBJECT(.\Objects\main.obj)

line level    source

   1          #include <STC15F2K60S2.H>
   2          #include "OLED.h"
   3          #include "Delay.h"
   4          #include "TM1637.h"
   5          #include "KEY.h"
   6          #include "DHT11.h"
   7          
   8          extern uint8_t HmdHighDec,TmpHighDec,HmdLowDec,TmpLowDec;
   9          uint8_t HH,HM,HL,TH,TM,TL;      //对应三位湿度显示和三位温度显示的高中低三位
  10          
  11          void datas_cout(void)
  12          {
  13   1          DHT11_Receive();            //DHT11数据接收
  14   1          Tran_Dec();                 //数据转换
  15   1          HH=HmdHighDec/10;
  16   1          HM=HmdHighDec%10;
  17   1          HL=HmdLowDec/10;
  18   1          TH=TmpHighDec/10;
  19   1          TM=TmpHighDec%10;
  20   1          TL=TmpLowDec/10;            //显示数据处理
  21   1      }
  22          
  23          void main()
  24          {
  25   1          uint8_t KEY;//按键标志位
  26   1          uint8_t N=0;//构建状态机
  27   1          uint32_t time=0,TIM=0;//软件定时
  28   1          datas_cout();                   //初始数据获取
  29   1          while(1)
  30   1          {
  31   2              KEY=key_scan();//按键监测
  32   2              if(KEY==1)
  33   2              {
  34   3                  N++;                        //状态轮转
  35   3                  N=N%2;                      //对2取余保证两种状态即N=0和N=1
  36   3                  delay_ms(500);
  37   3              }
  38   2              if(N==0)//温度显示模式
  39   2              {
  40   3                  TM1637_Display(TH,TM,TL,12,1);
  41   3              }
  42   2              else if(N==1)//湿度显示模式
  43   2              {
  44   3                  TM1637_Display(HH,HM,HL,16,1);
  45   3              }
  46   2              time++;
  47   2              if(time==2090)
  48   2              {
  49   3                  time=0;
  50   3                  TIM++;
  51   3                  if(TIM==10000)
  52   3                  {
  53   4                     datas_cout();//数据刷新
  54   4                  }
C51 COMPILER V9.59.0.0   MAIN                                                              01/03/2024 14:51:13 PAGE 2   

  55   3              }//软件定时效果，间隔大概10s误差5%
  56   2          }
  57   1      }


MODULE INFORMATION:   STATIC OVERLAYABLE
   CODE SIZE        =    336    ----
   CONSTANT SIZE    =   ----    ----
   XDATA SIZE       =      6       9
   PDATA SIZE       =   ----    ----
   DATA SIZE        =   ----    ----
   IDATA SIZE       =   ----    ----
   BIT SIZE         =   ----    ----
END OF MODULE INFORMATION.


C51 COMPILATION COMPLETE.  0 WARNING(S),  0 ERROR(S)
