C51 COMPILER V9.59.0.0   MAIN                                                              01/06/2024 04:48:49 PAGE 1   


C51 COMPILER V9.59.0.0, COMPILATION OF MODULE MAIN
OBJECT MODULE PLACED IN .\Objects\main.obj
COMPILER INVOKED BY: C:\Keil_v5\C51\BIN\C51.EXE User\main.c LARGE OPTIMIZE(8,SPEED) BROWSE INCDIR(.\Hardware;.\System;.\
                    -User;C:\Keil_v5\C51\INC\STC) DEBUG OBJECTEXTEND PRINT(.\Listings\main.lst) OBJECT(.\Objects\main.obj)

line level    source

   1          #include <STC15F2K60S2.H>
   2          #include "Delay.h"
   3          
   4          sbit Part1=P0^1;
   5          sbit Part2=P0^3;
   6          
   7          sbit KEY=P0^2;
   8          
   9          #define KEY_PRESS       1
  10          #define KEY_NOPRESS     0
  11          
  12          uint8_t Flag=0,i=0,j=0;
  13          
  14          void Part1_ON(void)
  15          {
  16   1          Part1 = 0;
  17   1      }
  18          void Part1_OFF(void)
  19          {
  20   1          Part1 = 1;
  21   1      }
  22          
  23          void Part2_ON(void)
  24          {
  25   1          Part2 = 0;
  26   1      }
  27          void Part2_OFF(void)
  28          {
  29   1          Part2 = 1;
  30   1      }
  31          
  32          uint8_t signkey(void)
  33          {
  34   1          if(KEY==0)
  35   1          {
  36   2              delay_ms(15);
  37   2              if(KEY==0)
  38   2              {
  39   3                  return KEY_PRESS;
  40   3              }
  41   2          }
  42   1          return KEY_NOPRESS;
  43   1      }
  44          
  45          
  46          void main()
  47          {
  48   1          uint8_t key;
  49   1          while(1)
  50   1          {
  51   2              key = signkey();
  52   2              if(key==1)
  53   2              {
  54   3                 delay_ms(200);
C51 COMPILER V9.59.0.0   MAIN                                                              01/06/2024 04:48:49 PAGE 2   

  55   3                 j=0;
  56   3                 i=0;
  57   3                 Flag++;
  58   3                 Flag=Flag%2;//构建状态机，双状态
  59   3              }
  60   2              if(Flag==0)//车行道亮绿，人行道红
  61   2              {
  62   3                  Part1_ON();
  63   3                  Part2_OFF();
  64   3              }
  65   2              if(Flag==1)//与上状态相反
  66   2              {
  67   3                  Part1_OFF();
  68   3                  Part2_ON();
  69   3              }
  70   2              
  71   2              j++;
  72   2              delay_ms(10);
  73   2              if(j>=200)
  74   2              {
  75   3              j=0;
  76   3              i++;
  77   3              if(i==2)
  78   3              {
  79   4              i=0;
  80   4              Flag++;
  81   4              Flag=Flag%2;//构建状态机，双状态
  82   4              }
  83   3              }
  84   2          }
  85   1      }


MODULE INFORMATION:   STATIC OVERLAYABLE
   CODE SIZE        =    152    ----
   CONSTANT SIZE    =   ----    ----
   XDATA SIZE       =      3    ----
   PDATA SIZE       =   ----    ----
   DATA SIZE        =   ----    ----
   IDATA SIZE       =   ----    ----
   BIT SIZE         =   ----    ----
END OF MODULE INFORMATION.


C51 COMPILATION COMPLETE.  0 WARNING(S),  0 ERROR(S)
