Archive member included to satisfy reference by file (symbol)

c:/mounriver/mounriver_studio2/resources/app/resources/win32/components/wch/toolchain/risc-v embedded gcc/bin/../lib/gcc/riscv-none-embed/8.2.0/../../../../riscv-none-embed/lib/rv32imafc/ilp32f\libm.a(lib_a-s_cos.o)
                              ./zf_device/zf_device_gnss.o (cos)
c:/mounriver/mounriver_studio2/resources/app/resources/win32/components/wch/toolchain/risc-v embedded gcc/bin/../lib/gcc/riscv-none-embed/8.2.0/../../../../riscv-none-embed/lib/rv32imafc/ilp32f\libm.a(lib_a-s_sin.o)
                              ./zf_device/zf_device_gnss.o (sin)
c:/mounriver/mounriver_studio2/resources/app/resources/win32/components/wch/toolchain/risc-v embedded gcc/bin/../lib/gcc/riscv-none-embed/8.2.0/../../../../riscv-none-embed/lib/rv32imafc/ilp32f\libm.a(lib_a-w_asin.o)
                              ./zf_device/zf_device_gnss.o (asin)
c:/mounriver/mounriver_studio2/resources/app/resources/win32/components/wch/toolchain/risc-v embedded gcc/bin/../lib/gcc/riscv-none-embed/8.2.0/../../../../riscv-none-embed/lib/rv32imafc/ilp32f\libm.a(lib_a-w_atan2.o)
                              ./zf_device/zf_device_gnss.o (atan2)
c:/mounriver/mounriver_studio2/resources/app/resources/win32/components/wch/toolchain/risc-v embedded gcc/bin/../lib/gcc/riscv-none-embed/8.2.0/../../../../riscv-none-embed/lib/rv32imafc/ilp32f\libm.a(lib_a-w_pow.o)
                              ./zf_device/zf_device_gnss.o (pow)
c:/mounriver/mounriver_studio2/resources/app/resources/win32/components/wch/toolchain/risc-v embedded gcc/bin/../lib/gcc/riscv-none-embed/8.2.0/../../../../riscv-none-embed/lib/rv32imafc/ilp32f\libm.a(lib_a-w_sqrt.o)
                              ./zf_device/zf_device_gnss.o (sqrt)
c:/mounriver/mounriver_studio2/resources/app/resources/win32/components/wch/toolchain/risc-v embedded gcc/bin/../lib/gcc/riscv-none-embed/8.2.0/../../../../riscv-none-embed/lib/rv32imafc/ilp32f\libm.a(lib_a-e_asin.o)
                              c:/mounriver/mounriver_studio2/resources/app/resources/win32/components/wch/toolchain/risc-v embedded gcc/bin/../lib/gcc/riscv-none-embed/8.2.0/../../../../riscv-none-embed/lib/rv32imafc/ilp32f\libm.a(lib_a-w_asin.o) (__ieee754_asin)
c:/mounriver/mounriver_studio2/resources/app/resources/win32/components/wch/toolchain/risc-v embedded gcc/bin/../lib/gcc/riscv-none-embed/8.2.0/../../../../riscv-none-embed/lib/rv32imafc/ilp32f\libm.a(lib_a-e_atan2.o)
                              c:/mounriver/mounriver_studio2/resources/app/resources/win32/components/wch/toolchain/risc-v embedded gcc/bin/../lib/gcc/riscv-none-embed/8.2.0/../../../../riscv-none-embed/lib/rv32imafc/ilp32f\libm.a(lib_a-w_atan2.o) (__ieee754_atan2)
c:/mounriver/mounriver_studio2/resources/app/resources/win32/components/wch/toolchain/risc-v embedded gcc/bin/../lib/gcc/riscv-none-embed/8.2.0/../../../../riscv-none-embed/lib/rv32imafc/ilp32f\libm.a(lib_a-e_pow.o)
                              c:/mounriver/mounriver_studio2/resources/app/resources/win32/components/wch/toolchain/risc-v embedded gcc/bin/../lib/gcc/riscv-none-embed/8.2.0/../../../../riscv-none-embed/lib/rv32imafc/ilp32f\libm.a(lib_a-w_pow.o) (__ieee754_pow)
c:/mounriver/mounriver_studio2/resources/app/resources/win32/components/wch/toolchain/risc-v embedded gcc/bin/../lib/gcc/riscv-none-embed/8.2.0/../../../../riscv-none-embed/lib/rv32imafc/ilp32f\libm.a(lib_a-e_rem_pio2.o)
                              c:/mounriver/mounriver_studio2/resources/app/resources/win32/components/wch/toolchain/risc-v embedded gcc/bin/../lib/gcc/riscv-none-embed/8.2.0/../../../../riscv-none-embed/lib/rv32imafc/ilp32f\libm.a(lib_a-s_cos.o) (__ieee754_rem_pio2)
c:/mounriver/mounriver_studio2/resources/app/resources/win32/components/wch/toolchain/risc-v embedded gcc/bin/../lib/gcc/riscv-none-embed/8.2.0/../../../../riscv-none-embed/lib/rv32imafc/ilp32f\libm.a(lib_a-e_sqrt.o)
                              c:/mounriver/mounriver_studio2/resources/app/resources/win32/components/wch/toolchain/risc-v embedded gcc/bin/../lib/gcc/riscv-none-embed/8.2.0/../../../../riscv-none-embed/lib/rv32imafc/ilp32f\libm.a(lib_a-w_sqrt.o) (__ieee754_sqrt)
c:/mounriver/mounriver_studio2/resources/app/resources/win32/components/wch/toolchain/risc-v embedded gcc/bin/../lib/gcc/riscv-none-embed/8.2.0/../../../../riscv-none-embed/lib/rv32imafc/ilp32f\libm.a(lib_a-k_cos.o)
                              c:/mounriver/mounriver_studio2/resources/app/resources/win32/components/wch/toolchain/risc-v embedded gcc/bin/../lib/gcc/riscv-none-embed/8.2.0/../../../../riscv-none-embed/lib/rv32imafc/ilp32f\libm.a(lib_a-s_cos.o) (__kernel_cos)
c:/mounriver/mounriver_studio2/resources/app/resources/win32/components/wch/toolchain/risc-v embedded gcc/bin/../lib/gcc/riscv-none-embed/8.2.0/../../../../riscv-none-embed/lib/rv32imafc/ilp32f\libm.a(lib_a-k_rem_pio2.o)
[...]
Memory Configuration

Name             Origin             Length             Attributes
RAM              0x0000000020000040 0x000000000000fc00 xrw
FLASH            0x0000000000000000 0x0000000000040000 xr
*default*        0x0000000000000000 0xffffffffffffffff

Linker script and memory map

LOAD ./zf_driver/zf_driver_adc.o
LOAD ./zf_driver/zf_driver_delay.o
LOAD ./zf_driver/zf_driver_dvp.o
LOAD ./zf_driver/zf_driver_encoder.o
LOAD ./zf_driver/zf_driver_exti.o
LOAD ./zf_driver/zf_driver_flash.o
LOAD ./zf_driver/zf_driver_gpio.o
LOAD ./zf_driver/zf_driver_iic.o
LOAD ./zf_driver/zf_driver_pit.o
LOAD ./zf_driver/zf_driver_pwm.o
LOAD ./zf_driver/zf_driver_soft_iic.o
LOAD ./zf_driver/zf_driver_soft_spi.o
LOAD ./zf_driver/zf_driver_spi.o
LOAD ./zf_driver/zf_driver_timer.o
LOAD ./zf_driver/zf_driver_uart.o
LOAD ./zf_driver/zf_driver_usb_cdc.o
LOAD ./zf_device/zf_device_absolute_encoder.o
LOAD ./zf_device/zf_device_aht20.o
LOAD ./zf_device/zf_device_ble6a20.o
LOAD ./zf_device/zf_device_bluetooth_ch9141.o
LOAD ./zf_device/zf_device_camera.o
LOAD ./zf_device/zf_device_dl1a.o
LOAD ./zf_device/zf_device_dl1b.o
LOAD ./zf_device/zf_device_dm1xa.o
LOAD ./zf_device/zf_device_gnss.o
LOAD ./zf_device/zf_device_icm20602.o
LOAD ./zf_device/zf_device_imu660ra.o
LOAD ./zf_device/zf_device_imu963ra.o
LOAD ./zf_device/zf_device_ips114.o
LOAD ./zf_device/zf_device_ips200.o
LOAD ./zf_device/zf_device_k24c02.o
LOAD ./zf_device/zf_device_key.o
LOAD ./zf_device/zf_device_mpu6050.o
LOAD ./zf_device/zf_device_mt9v03x_dvp.o
LOAD ./zf_device/zf_device_oled.o
LOAD ./zf_device/zf_device_scc8660_dvp.o
LOAD ./zf_device/zf_device_tft180.o
LOAD ./zf_device/zf_device_type.o
LOAD ./zf_device/zf_device_virtual_oscilloscope.o
LOAD ./zf_device/zf_device_w25q32.o
LOAD ./zf_device/zf_device_wifi_spi.o
LOAD ./zf_device/zf_device_wifi_uart.o
LOAD ./zf_device/zf_device_wireless_ch573.o
LOAD ./zf_device/zf_device_wireless_uart.o
LOAD ./zf_components/seekfree_assistant.o
LOAD ./zf_components/seekfree_assistant_interface.o
LOAD ./zf_common/zf_common_clock.o
LOAD ./zf_common/zf_common_debug.o
LOAD ./zf_common/zf_common_fifo.o
LOAD ./zf_common/zf_common_font.o
LOAD ./zf_common/zf_common_function.o
LOAD ./zf_common/zf_common_interrupt.o
LOAD ./user_c/isr.o
LOAD ./user_c/main.o
LOAD ./sdk/Startup/startup_ch32v30x_D8C.o
LOAD ./sdk/Peripheral/ch32v30x_adc.o
LOAD ./sdk/Peripheral/ch32v30x_bkp.o
LOAD ./sdk/Peripheral/ch32v30x_can.o
LOAD ./sdk/Peripheral/ch32v30x_crc.o
LOAD ./sdk/Peripheral/ch32v30x_dac.o
LOAD ./sdk/Peripheral/ch32v30x_dbgmcu.o
LOAD ./sdk/Peripheral/ch32v30x_dma.o
LOAD ./sdk/Peripheral/ch32v30x_dvp.o
LOAD ./sdk/Peripheral/ch32v30x_eth.o
LOAD ./sdk/Peripheral/ch32v30x_exti.o
LOAD ./sdk/Peripheral/ch32v30x_flash.o
LOAD ./sdk/Peripheral/ch32v30x_fsmc.o
LOAD ./sdk/Peripheral/ch32v30x_gpio.o
LOAD ./sdk/Peripheral/ch32v30x_i2c.o
LOAD ./sdk/Peripheral/ch32v30x_iwdg.o
LOAD ./sdk/Peripheral/ch32v30x_opa.o
LOAD ./sdk/Peripheral/ch32v30x_pwr.o
LOAD ./sdk/Peripheral/ch32v30x_rcc.o
LOAD ./sdk/Peripheral/ch32v30x_rng.o
LOAD ./sdk/Peripheral/ch32v30x_rtc.o
LOAD ./sdk/Peripheral/ch32v30x_sdio.o
LOAD ./sdk/Peripheral/ch32v30x_spi.o
LOAD ./sdk/Peripheral/ch32v30x_tim.o
LOAD ./sdk/Peripheral/ch32v30x_usart.o
LOAD ./sdk/Peripheral/ch32v30x_usbotg_device.o
LOAD ./sdk/Peripheral/ch32v30x_wwdg.o
LOAD ./sdk/Core/core_riscv.o
LOAD c:/mounriver/mounriver_studio2/resources/app/resources/win32/components/wch/toolchain/risc-v embedded gcc/bin/../lib/gcc/riscv-none-embed/8.2.0/../../../../riscv-none-embed/lib/rv32imafc/ilp32f\libm.a
LOAD c:/Users/ATLAS/Desktop/CH32-Part/libraries/zf_device\libzf_device_config.a
LOAD c:/mounriver/mounriver_studio2/resources/app/resources/win32/components/wch/toolchain/risc-v embedded gcc/bin/../lib/gcc/riscv-none-embed/8.2.0/rv32imafc/ilp32f\libgcc.a
LOAD c:/mounriver/mounriver_studio2/resources/app/resources/win32/components/wch/toolchain/risc-v embedded gcc/bin/../lib/gcc/riscv-none-embed/8.2.0/../../../../riscv-none-embed/lib/rv32imafc/ilp32f\libg_nano.a
LOAD c:/mounriver/mounriver_studio2/resources/app/resources/win32/components/wch/toolchain/risc-v embedded gcc/bin/../lib/gcc/riscv-none-embed/8.2.0/../../../../riscv-none-embed/lib/rv32imafc/ilp32f\libc_nano.a
LOAD c:/mounriver/mounriver_studio2/resources/app/resources/win32/components/wch/toolchain/risc-v embedded gcc/bin/../lib/gcc/riscv-none-embed/8.2.0/rv32imafc/ilp32f\libgcc.a
START GROUP
LOAD c:/mounriver/mounriver_studio2/resources/app/resources/win32/components/wch/toolchain/risc-v embedded gcc/bin/../lib/gcc/riscv-none-embed/8.2.0/rv32imafc/ilp32f\libgcc.a
LOAD c:/mounriver/mounriver_studio2/resources/app/resources/win32/components/wch/toolchain/risc-v embedded gcc/bin/../lib/gcc/riscv-none-embed/8.2.0/../../../../riscv-none-embed/lib/rv32imafc/ilp32f\libc_nano.a
LOAD c:/mounriver/mounriver_studio2/resources/app/resources/win32/components/wch/toolchain/risc-v embedded gcc/bin/../lib/gcc/riscv-none-embed/8.2.0/../../../../riscv-none-embed/lib/rv32imafc/ilp32f\libnosys.a
END GROUP
START GROUP
LOAD c:/mounriver/mounriver_studio2/resources/app/resources/win32/components/wch/toolchain/risc-v embedded gcc/bin/../lib/gcc/riscv-none-embed/8.2.0/rv32imafc/ilp32f\libgcc.a
LOAD c:/mounriver/mounriver_studio2/resources/app/resources/win32/components/wch/toolchain/risc-v embedded gcc/bin/../lib/gcc/riscv-none-embed/8.2.0/../../../../riscv-none-embed/lib/rv32imafc/ilp32f\libc_nano.a
LOAD c:/mounriver/mounriver_studio2/resources/app/resources/win32/components/wch/toolchain/risc-v embedded gcc/bin/../lib/gcc/riscv-none-embed/8.2.0/../../../../riscv-none-embed/lib/rv32imafc/ilp32f\libnosys.a
END GROUP
                0x0000000000000800                __stack_size = 0x800
                [!provide]                        PROVIDE (_stack_size = __stack_size)

.init           0x0000000000000000       0x38
                0x0000000000000000                _sinit = .
                0x0000000000000000                . = ALIGN (0x4)
 *(SORT_NONE(.init))
 .init          0x0000000000000000       0x38 ./sdk/Startup/startup_ch32v30x_D8C.o
                0x0000000000000000                _start
                0x0000000000000038                . = ALIGN (0x4)
                0x0000000000000038                _einit = .

.vector         0x0000000000000038      0x1c8
 *(.vector)
 .vector        0x0000000000000038      0x1a0 ./sdk/Startup/startup_ch32v30x_D8C.o
                0x0000000000000200                . = ALIGN (0x40)
 *fill*         0x00000000000001d8       0x28 

.text           0x0000000000000200     0xc63c
                0x0000000000000200                . = ALIGN (0x4)
 *(.text)
 .text          0x0000000000000200       0xa8 c:/mounriver/mounriver_studio2/resources/app/resources/win32/components/wch/toolchain/risc-v embedded gcc/bin/../lib/gcc/riscv-none-embed/8.2.0/../../../../riscv-none-embed/lib/rv32imafc/ilp32f\libg_nano.a(lib_a-memset.o)
                0x0000000000000200                memset
 *(.text.*)
 .text.system_delay_ms
                0x00000000000002a8       0xa2 ./zf_driver/zf_driver_delay.o
                0x00000000000002a8                system_delay_ms
 .text.exti_init
                0x000000000000034a      0x108 ./zf_driver/zf_driver_exti.o
                0x000000000000034a                exti_init
 .text.gpio_get_level
                0x0000000000000452       0x42 ./zf_driver/zf_driver_gpio.o
                0x0000000000000452                gpio_get_level
 .text.gpio_toggle_level
                0x0000000000000494       0x6a ./zf_driver/zf_driver_gpio.o
                0x0000000000000494                gpio_toggle_level
 .text.gpio_init
                0x00000000000004fe      0x15c ./zf_driver/zf_driver_gpio.o
                0x00000000000004fe                gpio_init
 .text.uart_write_byte
                0x000000000000065a       0x56 ./zf_driver/zf_driver_uart.o
                0x000000000000065a                uart_write_byte
 .text.uart_write_string
                0x00000000000006b0       0x60 ./zf_driver/zf_driver_uart.o
                0x00000000000006b0                uart_write_string
 .text.uart_rx_interrupt
                0x0000000000000710       0x84 ./zf_driver/zf_driver_uart.o
                0x0000000000000710                uart_rx_interrupt
 .text.uart_query_byte
                0x0000000000000794       0x5e ./zf_driver/zf_driver_uart.o
                0x0000000000000794                uart_query_byte
 .text.uart_init
                0x00000000000007f2      0x5a6 ./zf_driver/zf_driver_uart.o
                0x00000000000007f2                uart_init
 .text.gnss_uart_callback
                0x0000000000000d98      0x15a ./zf_device/zf_device_gnss.o
                0x0000000000000d98                gnss_uart_callback
 .text.type_default_callback
                0x0000000000000ef2        0xe ./zf_device/zf_device_type.o
 .text.clock_reset
                0x0000000000000f00       0x76 ./zf_common/zf_common_clock.o
                0x0000000000000f00                clock_reset
 .text.clock_set_freq
                0x0000000000000f76      0x1de ./zf_common/zf_common_clock.o
                0x0000000000000f76                clock_set_freq
 .text.clock_init
                0x0000000000001154       0x2a ./zf_common/zf_common_clock.o
                0x0000000000001154                clock_init
 .text.__NOP    0x000000000000117e       0x10 ./zf_common/zf_common_debug.o
 .text.debug_delay
                0x000000000000118e       0x52 ./zf_common/zf_common_debug.o
 .text.debug_protective_handler
                0x00000000000011e0        0xe ./zf_common/zf_common_debug.o
 .text.debug_uart_str_output
                0x00000000000011ee       0x20 ./zf_common/zf_common_debug.o
 .text.debug_output
                0x000000000000120e      0x52c ./zf_common/zf_common_debug.o
 .text._write   0x000000000000173a       0x7c ./zf_common/zf_common_debug.o
                0x000000000000173a                _write
 .text.debug_assert_handler
                0x00000000000017b6       0x66 ./zf_common/zf_common_debug.o
                0x00000000000017b6                debug_assert_handler
 .text.debug_output_struct_init
                0x000000000000181c       0x5a ./zf_common/zf_common_debug.o
                0x000000000000181c                debug_output_struct_init
 .text.debug_output_init
                0x0000000000001876       0x88 ./zf_common/zf_common_debug.o
                0x0000000000001876                debug_output_init
 .text.debug_init
                0x00000000000018fe       0x60 ./zf_common/zf_common_debug.o
                0x00000000000018fe                debug_init
 .text.fifo_head_offset
                0x000000000000195e      0x184 ./zf_common/zf_common_fifo.o
 .text.fifo_end_offset
                0x0000000000001ae2      0x184 ./zf_common/zf_common_fifo.o
 .text.fifo_clear
                0x0000000000001c66      0x248 ./zf_common/zf_common_fifo.o
                0x0000000000001c66                fifo_clear
 .text.fifo_used
                0x0000000000001eae       0x7a ./zf_common/zf_common_fifo.o
                0x0000000000001eae                fifo_used
 .text.fifo_write_buffer
                0x0000000000001f28      0x5ea ./zf_common/zf_common_fifo.o
                0x0000000000001f28                fifo_write_buffer
 .text.fifo_read_buffer
                0x0000000000002512      0x5a4 ./zf_common/zf_common_fifo.o
                0x0000000000002512                fifo_read_buffer
 .text.fifo_init
                0x0000000000002ab6      0x248 ./zf_common/zf_common_fifo.o
                0x0000000000002ab6                fifo_init
 .text.__enable_irq
                0x0000000000002cfe       0x18 ./zf_common/zf_common_interrupt.o
 .text.__disable_irq
                0x0000000000002d16       0x14 ./zf_common/zf_common_interrupt.o
 .text.NVIC_EnableIRQ
                0x0000000000002d2a       0x32 ./zf_common/zf_common_interrupt.o
 .text.NVIC_DisableIRQ
                0x0000000000002d5c       0x32 ./zf_common/zf_common_interrupt.o
 .text.NVIC_SetPriority
                0x0000000000002d8e       0x2a ./zf_common/zf_common_interrupt.o
 .text.interrupt_enable
                0x0000000000002db8       0x1c ./zf_common/zf_common_interrupt.o
                0x0000000000002db8                interrupt_enable
 .text.interrupt_disable
                0x0000000000002dd4       0x1c ./zf_common/zf_common_interrupt.o
                0x0000000000002dd4                interrupt_disable
 .text.interrupt_set_priority
                0x0000000000002df0       0x28 ./zf_common/zf_common_interrupt.o
                0x0000000000002df0                interrupt_set_priority
 .text.interrupt_global_enable
                0x0000000000002e18       0x30 ./zf_common/zf_common_interrupt.o
                0x0000000000002e18                interrupt_global_enable
 .text.interrupt_global_disable
                0x0000000000002e48       0x2a ./zf_common/zf_common_interrupt.o
                0x0000000000002e48                interrupt_global_disable
 .text.interrupt_init
                0x0000000000002e72       0x16 ./zf_common/zf_common_interrupt.o
                0x0000000000002e72                interrupt_init
 .text.USART1_IRQHandler
                0x0000000000002e88       0xc4 ./user_c/isr.o
                0x0000000000002e88                USART1_IRQHandler
 .text.USART2_IRQHandler
                0x0000000000002f4c       0xc4 ./user_c/isr.o
                0x0000000000002f4c                USART2_IRQHandler
 .text.USART3_IRQHandler
                0x0000000000003010       0xc4 ./user_c/isr.o
                0x0000000000003010                USART3_IRQHandler
 .text.UART4_IRQHandler
                0x00000000000030d4       0xc4 ./user_c/isr.o
                0x00000000000030d4                UART4_IRQHandler
 .text.UART5_IRQHandler
                0x0000000000003198       0xc6 ./user_c/isr.o
                0x0000000000003198                UART5_IRQHandler
 .text.UART6_IRQHandler
                0x000000000000325e       0xc4 ./user_c/isr.o
                0x000000000000325e                UART6_IRQHandler
 .text.UART7_IRQHandler
                0x0000000000003322       0xca ./user_c/isr.o
                0x0000000000003322                UART7_IRQHandler
 .text.UART8_IRQHandler
                0x00000000000033ec       0xc0 ./user_c/isr.o
                0x00000000000033ec                UART8_IRQHandler
 .text.DVP_IRQHandler
                0x00000000000034ac       0xd4 ./user_c/isr.o
                0x00000000000034ac                DVP_IRQHandler
 .text.EXTI0_IRQHandler
                0x0000000000003580       0xb8 ./user_c/isr.o
                0x0000000000003580                EXTI0_IRQHandler
 .text.EXTI1_IRQHandler
                0x0000000000003638       0xb4 ./user_c/isr.o
                0x0000000000003638                EXTI1_IRQHandler
 .text.EXTI2_IRQHandler
                0x00000000000036ec       0xb4 ./user_c/isr.o
                0x00000000000036ec                EXTI2_IRQHandler
 .text.EXTI3_IRQHandler
                0x00000000000037a0       0xb4 ./user_c/isr.o
                0x00000000000037a0                EXTI3_IRQHandler
 .text.EXTI4_IRQHandler
                0x0000000000003854       0xb4 ./user_c/isr.o
                0x0000000000003854                EXTI4_IRQHandler
 .text.EXTI9_5_IRQHandler
                0x0000000000003908      0x120 ./user_c/isr.o
                0x0000000000003908                EXTI9_5_IRQHandler
 .text.EXTI15_10_IRQHandler
                0x0000000000003a28      0x128 ./user_c/isr.o
                0x0000000000003a28                EXTI15_10_IRQHandler
 .text.TIM1_UP_IRQHandler
                0x0000000000003b50       0xc0 ./user_c/isr.o
                0x0000000000003b50                TIM1_UP_IRQHandler
 .text.TIM2_IRQHandler
                0x0000000000003c10       0xb8 ./user_c/isr.o
                0x0000000000003c10                TIM2_IRQHandler
 .text.TIM3_IRQHandler
                0x0000000000003cc8       0xc0 ./user_c/isr.o
                0x0000000000003cc8                TIM3_IRQHandler
 .text.TIM4_IRQHandler
                0x0000000000003d88       0xc0 ./user_c/isr.o
                0x0000000000003d88                TIM4_IRQHandler
 .text.TIM5_IRQHandler
                0x0000000000003e48       0xc0 ./user_c/isr.o
                0x0000000000003e48                TIM5_IRQHandler
 .text.TIM6_IRQHandler
                0x0000000000003f08       0xb8 ./user_c/isr.o
                0x0000000000003f08                TIM6_IRQHandler
 .text.TIM7_IRQHandler
                0x0000000000003fc0       0xc0 ./user_c/isr.o
                0x0000000000003fc0                TIM7_IRQHandler
 .text.TIM8_UP_IRQHandler
                0x0000000000004080       0xc0 ./user_c/isr.o
                0x0000000000004080                TIM8_UP_IRQHandler
 .text.TIM9_UP_IRQHandler
                0x0000000000004140       0xc0 ./user_c/isr.o
                0x0000000000004140                TIM9_UP_IRQHandler
 .text.TIM10_UP_IRQHandler
                0x0000000000004200       0xb8 ./user_c/isr.o
                0x0000000000004200                TIM10_UP_IRQHandler
 .text.NMI_Handler
                0x00000000000042b8       0x10 ./user_c/isr.o
                0x00000000000042b8                NMI_Handler
 .text.HardFault_Handler
                0x00000000000042c8        0x8 ./user_c/isr.o
                0x00000000000042c8                HardFault_Handler
 .text.main     0x00000000000042d0      0x198 ./user_c/main.o
                0x00000000000042d0                main
 .text.key1_exti_handler
                0x0000000000004468       0x2a ./user_c/main.o
                0x0000000000004468                key1_exti_handler
 .text.key2_exti_handler
                0x0000000000004492       0x28 ./user_c/main.o
                0x0000000000004492                key2_exti_handler
 .text.key3_exti_handler
                0x00000000000044ba       0x28 ./user_c/main.o
                0x00000000000044ba                key3_exti_handler
 .text.key4_exti_handler
                0x00000000000044e2       0x28 ./user_c/main.o
                0x00000000000044e2                key4_exti_handler
 .text.vector_handler
                0x000000000000450a       0xbe ./sdk/Startup/startup_ch32v30x_D8C.o
                0x000000000000450e                Ecall_M_Mode_Handler
                0x0000000000004510                Ecall_U_Mode_Handler
                0x0000000000004512                Break_Point_Handler
                0x0000000000004514                SysTick_Handler
                0x0000000000004516                SW_Handler
                0x0000000000004518                WWDG_IRQHandler
                0x000000000000451a                PVD_IRQHandler
                0x000000000000451c                TAMPER_IRQHandler
                0x000000000000451e                RTC_IRQHandler
                0x0000000000004520                FLASH_IRQHandler
                0x0000000000004522                RCC_IRQHandler
                0x000000000000452e                DMA1_Channel1_IRQHandler
                0x0000000000004530                DMA1_Channel2_IRQHandler
                0x0000000000004532                DMA1_Channel3_IRQHandler
                0x0000000000004534                DMA1_Channel4_IRQHandler
                0x0000000000004536                DMA1_Channel5_IRQHandler
                0x0000000000004538                DMA1_Channel6_IRQHandler
                0x000000000000453a                DMA1_Channel7_IRQHandler
                0x000000000000453c                ADC1_2_IRQHandler
                0x000000000000453e                USB_HP_CAN1_TX_IRQHandler
                0x0000000000004540                USB_LP_CAN1_RX0_IRQHandler
                0x0000000000004542                CAN1_RX1_IRQHandler
                0x0000000000004544                CAN1_SCE_IRQHandler
                0x0000000000004548                TIM1_BRK_IRQHandler
                0x000000000000454c                TIM1_TRG_COM_IRQHandler
                0x000000000000454e                TIM1_CC_IRQHandler
                0x0000000000004556                I2C1_EV_IRQHandler
                0x0000000000004558                I2C1_ER_IRQHandler
                0x000000000000455a                I2C2_EV_IRQHandler
                0x000000000000455c                I2C2_ER_IRQHandler
                0x000000000000455e                SPI1_IRQHandler
                0x0000000000004560                SPI2_IRQHandler
                0x000000000000456a                RTCAlarm_IRQHandler
                0x000000000000456c                USBWakeUp_IRQHandler
                0x000000000000456e                TIM8_BRK_IRQHandler
                0x0000000000004572                TIM8_TRG_COM_IRQHandler
                0x0000000000004574                TIM8_CC_IRQHandler
                0x0000000000004576                RNG_IRQHandler
                0x0000000000004578                FSMC_IRQHandler
                0x000000000000457a                SDIO_IRQHandler
                0x000000000000457e                SPI3_IRQHandler
                0x0000000000004588                DMA2_Channel1_IRQHandler
                0x000000000000458a                DMA2_Channel2_IRQHandler
                0x000000000000458c                DMA2_Channel3_IRQHandler
                0x000000000000458e                DMA2_Channel4_IRQHandler
                0x0000000000004590                DMA2_Channel5_IRQHandler
                0x0000000000004592                ETH_IRQHandler
                0x0000000000004594                ETH_WKUP_IRQHandler
                0x0000000000004596                CAN2_TX_IRQHandler
                0x0000000000004598                CAN2_RX0_IRQHandler
                0x000000000000459a                CAN2_RX1_IRQHandler
                0x000000000000459c                CAN2_SCE_IRQHandler
                0x00000000000045a0                USBHSWakeup_IRQHandler
                0x00000000000045a2                USBHS_IRQHandler
                0x00000000000045ac                TIM9_BRK_IRQHandler
                0x00000000000045b0                TIM9_TRG_COM_IRQHandler
                0x00000000000045b2                TIM9_CC_IRQHandler
                0x00000000000045b4                TIM10_BRK_IRQHandler
                0x00000000000045b8                TIM10_TRG_COM_IRQHandler
                0x00000000000045ba                TIM10_CC_IRQHandler
                0x00000000000045bc                DMA2_Channel6_IRQHandler
                0x00000000000045be                DMA2_Channel7_IRQHandler
                0x00000000000045c0                DMA2_Channel8_IRQHandler
                0x00000000000045c2                DMA2_Channel9_IRQHandler
                0x00000000000045c4                DMA2_Channel10_IRQHandler
                0x00000000000045c6                DMA2_Channel11_IRQHandler
 .text.handle_reset
                0x00000000000045c8       0x86 ./sdk/Startup/startup_ch32v30x_D8C.o
                0x00000000000045c8                handle_reset
 .text.EXTI_Init
                0x000000000000464e      0x170 ./sdk/Peripheral/ch32v30x_exti.o
                0x000000000000464e                EXTI_Init
 .text.EXTI_GetITStatus
                0x00000000000047be       0x56 ./sdk/Peripheral/ch32v30x_exti.o
                0x00000000000047be                EXTI_GetITStatus
 .text.EXTI_ClearITPendingBit
                0x0000000000004814       0x20 ./sdk/Peripheral/ch32v30x_exti.o
                0x0000000000004814                EXTI_ClearITPendingBit
 .text.GPIO_Init
                0x0000000000004834      0x22a ./sdk/Peripheral/ch32v30x_gpio.o
                0x0000000000004834                GPIO_Init
 .text.GPIO_WriteBit
                0x0000000000004a5e       0x38 ./sdk/Peripheral/ch32v30x_gpio.o
                0x0000000000004a5e                GPIO_WriteBit
 .text.GPIO_EXTILineConfig
                0x0000000000004a96       0xa2 ./sdk/Peripheral/ch32v30x_gpio.o
                0x0000000000004a96                GPIO_EXTILineConfig
 .text.RCC_GetClocksFreq
                0x0000000000004b38      0x2c6 ./sdk/Peripheral/ch32v30x_rcc.o
                0x0000000000004b38                RCC_GetClocksFreq
 .text.RCC_APB2PeriphClockCmd
                0x0000000000004dfe       0x46 ./sdk/Peripheral/ch32v30x_rcc.o
                0x0000000000004dfe                RCC_APB2PeriphClockCmd
 .text.RCC_APB1PeriphClockCmd
                0x0000000000004e44       0x46 ./sdk/Peripheral/ch32v30x_rcc.o
                0x0000000000004e44                RCC_APB1PeriphClockCmd
 .text.TIM_GetITStatus
                0x0000000000004e8a       0x70 ./sdk/Peripheral/ch32v30x_tim.o
                0x0000000000004e8a                TIM_GetITStatus
 .text.TIM_ClearITPendingBit
                0x0000000000004efa       0x2e ./sdk/Peripheral/ch32v30x_tim.o
                0x0000000000004efa                TIM_ClearITPendingBit
 .text.USART_Init
                0x0000000000004f28      0x234 ./sdk/Peripheral/ch32v30x_usart.o
                0x0000000000004f28                USART_Init
 .text.USART_Cmd
                0x000000000000515c       0x60 ./sdk/Peripheral/ch32v30x_usart.o
                0x000000000000515c                USART_Cmd
 .text.USART_ITConfig
                0x00000000000051bc       0xc4 ./sdk/Peripheral/ch32v30x_usart.o
                0x00000000000051bc                USART_ITConfig
 .text.USART_SendData
                0x0000000000005280       0x2e ./sdk/Peripheral/ch32v30x_usart.o
                0x0000000000005280                USART_SendData
 .text.USART_GetFlagStatus
                0x00000000000052ae       0x46 ./sdk/Peripheral/ch32v30x_usart.o
                0x00000000000052ae                USART_GetFlagStatus
 .text.USART_GetITStatus
                0x00000000000052f4      0x102 ./sdk/Peripheral/ch32v30x_usart.o
                0x00000000000052f4                USART_GetITStatus
 .text.USART_ClearITPendingBit
                0x00000000000053f6       0x4e ./sdk/Peripheral/ch32v30x_usart.o
                0x00000000000053f6                USART_ClearITPendingBit
 .text.DevEP1_IN_Deal
                0x0000000000005444       0x3e ./sdk/Peripheral/ch32v30x_usbotg_device.o
                0x0000000000005444                DevEP1_IN_Deal
 .text.DevEP2_IN_Deal
                0x0000000000005482       0x3e ./sdk/Peripheral/ch32v30x_usbotg_device.o
                0x0000000000005482                DevEP2_IN_Deal
 .text.DevEP1_OUT_Deal
                0x00000000000054c0       0x64 ./sdk/Peripheral/ch32v30x_usbotg_device.o
                0x00000000000054c0                DevEP1_OUT_Deal
 .text.DevEP2_OUT_Deal
                0x0000000000005524       0x64 ./sdk/Peripheral/ch32v30x_usbotg_device.o
                0x0000000000005524                DevEP2_OUT_Deal
 .text.OTG_FS_IRQHandler
                0x0000000000005588      0xd16 ./sdk/Peripheral/ch32v30x_usbotg_device.o
                0x0000000000005588                OTG_FS_IRQHandler
 .text.__adddf3
                0x000000000000629e      0xa0e c:/mounriver/mounriver_studio2/resources/app/resources/win32/components/wch/toolchain/risc-v embedded gcc/bin/../lib/gcc/riscv-none-embed/8.2.0/rv32imafc/ilp32f\libgcc.a(adddf3.o)
                0x000000000000629e                __adddf3
 .text.__divdf3
                0x0000000000006cac      0x7ea c:/mounriver/mounriver_studio2/resources/app/resources/win32/components/wch/toolchain/risc-v embedded gcc/bin/../lib/gcc/riscv-none-embed/8.2.0/rv32imafc/ilp32f\libgcc.a(divdf3.o)
                0x0000000000006cac                __divdf3
 .text.__eqdf2  0x0000000000007496       0x98 c:/mounriver/mounriver_studio2/resources/app/resources/win32/components/wch/toolchain/risc-v embedded gcc/bin/../lib/gcc/riscv-none-embed/8.2.0/rv32imafc/ilp32f\libgcc.a(eqdf2.o)
                0x0000000000007496                __nedf2
                0x0000000000007496                __eqdf2
 .text.__gedf2  0x000000000000752e       0xb6 c:/mounriver/mounriver_studio2/resources/app/resources/win32/components/wch/toolchain/risc-v embedded gcc/bin/../lib/gcc/riscv-none-embed/8.2.0/rv32imafc/ilp32f\libgcc.a(gedf2.o)
                0x000000000000752e                __gedf2
                0x000000000000752e                __gtdf2
 .text.__ledf2  0x00000000000075e4       0xb6 c:/mounriver/mounriver_studio2/resources/app/resources/win32/components/wch/toolchain/risc-v embedded gcc/bin/../lib/gcc/riscv-none-embed/8.2.0/rv32imafc/ilp32f\libgcc.a(ledf2.o)
                0x00000000000075e4                __ledf2
                0x00000000000075e4                __ltdf2
 .text.__muldf3
                0x000000000000769a      0x656 c:/mounriver/mounriver_studio2/resources/app/resources/win32/components/wch/toolchain/risc-v embedded gcc/bin/../lib/gcc/riscv-none-embed/8.2.0/rv32imafc/ilp32f\libgcc.a(muldf3.o)
                0x000000000000769a                __muldf3
 .text.__subdf3
                0x0000000000007cf0      0xa8c c:/mounriver/mounriver_studio2/resources/app/resources/win32/components/wch/toolchain/risc-v embedded gcc/bin/../lib/gcc/riscv-none-embed/8.2.0/rv32imafc/ilp32f\libgcc.a(subdf3.o)
                0x0000000000007cf0                __subdf3
 .text.__unorddf2
                0x000000000000877c       0x7c c:/mounriver/mounriver_studio2/resources/app/resources/win32/components/wch/toolchain/risc-v embedded gcc/bin/../lib/gcc/riscv-none-embed/8.2.0/rv32imafc/ilp32f\libgcc.a(unorddf2.o)
                0x000000000000877c                __unorddf2
 .text.__fixdfsi
                0x00000000000087f8       0xd8 c:/mounriver/mounriver_studio2/resources/app/resources/win32/components/wch/toolchain/risc-v embedded gcc/bin/../lib/gcc/riscv-none-embed/8.2.0/rv32imafc/ilp32f\libgcc.a(fixdfsi.o)
                0x00000000000087f8                __fixdfsi
 .text.__floatsidf
                0x00000000000088d0       0x70 c:/mounriver/mounriver_studio2/resources/app/resources/win32/components/wch/toolchain/risc-v embedded gcc/bin/../lib/gcc/riscv-none-embed/8.2.0/rv32imafc/ilp32f\libgcc.a(floatsidf.o)
                0x00000000000088d0                __floatsidf
 .text.__floatunsidf
                0x0000000000008940       0x66 c:/mounriver/mounriver_studio2/resources/app/resources/win32/components/wch/toolchain/risc-v embedded gcc/bin/../lib/gcc/riscv-none-embed/8.2.0/rv32imafc/ilp32f\libgcc.a(floatunsidf.o)
                0x0000000000008940                __floatunsidf
 .text.__clzsi2
                0x00000000000089a6       0x76 c:/mounriver/mounriver_studio2/resources/app/resources/win32/components/wch/toolchain/risc-v embedded gcc/bin/../lib/gcc/riscv-none-embed/8.2.0/rv32imafc/ilp32f\libgcc.a(_clzsi2.o)
                0x00000000000089a6                __clzsi2
 .text.malloc   0x0000000000008a1c        0xa c:/mounriver/mounriver_studio2/resources/app/resources/win32/components/wch/toolchain/risc-v embedded gcc/bin/../lib/gcc/riscv-none-embed/8.2.0/../../../../riscv-none-embed/lib/rv32imafc/ilp32f\libg_nano.a(lib_a-malloc.o)
                0x0000000000008a1c                malloc
 .text.memcpy   0x0000000000008a26       0xb6 c:/mounriver/mounriver_studio2/resources/app/resources/win32/components/wch/toolchain/risc-v embedded gcc/bin/../lib/gcc/riscv-none-embed/8.2.0/../../../../riscv-none-embed/lib/rv32imafc/ilp32f\libg_nano.a(lib_a-memcpy.o)
                0x0000000000008a26                memcpy
 .text._free_r  0x0000000000008adc       0xa8 c:/mounriver/mounriver_studio2/resources/app/resources/win32/components/wch/toolchain/risc-v embedded gcc/bin/../lib/gcc/riscv-none-embed/8.2.0/../../../../riscv-none-embed/lib/rv32imafc/ilp32f\libg_nano.a(lib_a-nano-freer.o)
                0x0000000000008adc                _free_r
 .text._malloc_r
                0x0000000000008b84       0xda c:/mounriver/mounriver_studio2/resources/app/resources/win32/components/wch/toolchain/risc-v embedded gcc/bin/../lib/gcc/riscv-none-embed/8.2.0/../../../../riscv-none-embed/lib/rv32imafc/ilp32f\libg_nano.a(lib_a-nano-mallocr.o)
                0x0000000000008b84                _malloc_r
 .text.__cvt    0x0000000000008c5e       0xee c:/mounriver/mounriver_studio2/resources/app/resources/win32/components/wch/toolchain/risc-v embedded gcc/bin/../lib/gcc/riscv-none-embed/8.2.0/../../../../riscv-none-embed/lib/rv32imafc/ilp32f\libg_nano.a(lib_a-nano-vfprintf_float.o)
                0x0000000000008c5e                __cvt
 .text.__exponent
                0x0000000000008d4c       0x8c c:/mounriver/mounriver_studio2/resources/app/resources/win32/components/wch/toolchain/risc-v embedded gcc/bin/../lib/gcc/riscv-none-embed/8.2.0/../../../../riscv-none-embed/lib/rv32imafc/ilp32f\libg_nano.a(lib_a-nano-vfprintf_float.o)
                0x0000000000008d4c                __exponent
 .text._printf_float
                0x0000000000008dd8      0x4c4 c:/mounriver/mounriver_studio2/resources/app/resources/win32/components/wch/toolchain/risc-v embedded gcc/bin/../lib/gcc/riscv-none-embed/8.2.0/../../../../riscv-none-embed/lib/rv32imafc/ilp32f\libg_nano.a(lib_a-nano-vfprintf_float.o)
                0x0000000000008dd8                _printf_float
 .text._printf_common
                0x000000000000929c      0x10c c:/mounriver/mounriver_studio2/resources/app/resources/win32/components/wch/toolchain/risc-v embedded gcc/bin/../lib/gcc/riscv-none-embed/8.2.0/../../../../riscv-none-embed/lib/rv32imafc/ilp32f\libg_nano.a(lib_a-nano-vfprintf_i.o)
                0x000000000000929c                _printf_common
 .text._printf_i
                0x00000000000093a8      0x2ac c:/mounriver/mounriver_studio2/resources/app/resources/win32/components/wch/toolchain/risc-v embedded gcc/bin/../lib/gcc/riscv-none-embed/8.2.0/../../../../riscv-none-embed/lib/rv32imafc/ilp32f\libg_nano.a(lib_a-nano-vfprintf_i.o)
                0x00000000000093a8                _printf_i
 .text.printf   0x0000000000009654       0x42 c:/mounriver/mounriver_studio2/resources/app/resources/win32/components/wch/toolchain/risc-v embedded gcc/bin/../lib/gcc/riscv-none-embed/8.2.0/../../../../riscv-none-embed/lib/rv32imafc/ilp32f\libg_nano.a(lib_a-printf.o)
                0x0000000000009654                iprintf
                0x0000000000009654                printf
 .text._sbrk_r  0x0000000000009696       0x2a c:/mounriver/mounriver_studio2/resources/app/resources/win32/components/wch/toolchain/risc-v embedded gcc/bin/../lib/gcc/riscv-none-embed/8.2.0/../../../../riscv-none-embed/lib/rv32imafc/ilp32f\libg_nano.a(lib_a-sbrkr.o)
                0x0000000000009696                _sbrk_r
 .text.sprintf  0x00000000000096c0       0x46 c:/mounriver/mounriver_studio2/resources/app/resources/win32/components/wch/toolchain/risc-v embedded gcc/bin/../lib/gcc/riscv-none-embed/8.2.0/../../../../riscv-none-embed/lib/rv32imafc/ilp32f\libg_nano.a(lib_a-sprintf.o)
                0x00000000000096c0                siprintf
                0x00000000000096c0                sprintf
 .text.strlen   0x0000000000009706       0x12 c:/mounriver/mounriver_studio2/resources/app/resources/win32/components/wch/toolchain/risc-v embedded gcc/bin/../lib/gcc/riscv-none-embed/8.2.0/../../../../riscv-none-embed/lib/rv32imafc/ilp32f\libg_nano.a(lib_a-strlen.o)
                0x0000000000009706                strlen
 .text.strncmp  0x0000000000009718       0x2c c:/mounriver/mounriver_studio2/resources/app/resources/win32/components/wch/toolchain/risc-v embedded gcc/bin/../lib/gcc/riscv-none-embed/8.2.0/../../../../riscv-none-embed/lib/rv32imafc/ilp32f\libg_nano.a(lib_a-strncmp.o)
                0x0000000000009718                strncmp
 .text.quorem   0x0000000000009744      0x13a c:/mounriver/mounriver_studio2/resources/app/resources/win32/components/wch/toolchain/risc-v embedded gcc/bin/../lib/gcc/riscv-none-embed/8.2.0/../../../../riscv-none-embed/lib/rv32imafc/ilp32f\libg_nano.a(lib_a-dtoa.o)
 .text._dtoa_r  0x000000000000987e      0xbea c:/mounriver/mounriver_studio2/resources/app/resources/win32/components/wch/toolchain/risc-v embedded gcc/bin/../lib/gcc/riscv-none-embed/8.2.0/../../../../riscv-none-embed/lib/rv32imafc/ilp32f\libg_nano.a(lib_a-dtoa.o)
                0x000000000000987e                _dtoa_r
 .text.std      0x000000000000a468       0x6a c:/mounriver/mounriver_studio2/resources/app/resources/win32/components/wch/toolchain/risc-v embedded gcc/bin/../lib/gcc/riscv-none-embed/8.2.0/../../../../riscv-none-embed/lib/rv32imafc/ilp32f\libg_nano.a(lib_a-findfp.o)
 .text._cleanup_r
                0x000000000000a4d2        0xa c:/mounriver/mounriver_studio2/resources/app/resources/win32/components/wch/toolchain/risc-v embedded gcc/bin/../lib/gcc/riscv-none-embed/8.2.0/../../../../riscv-none-embed/lib/rv32imafc/ilp32f\libg_nano.a(lib_a-findfp.o)
                0x000000000000a4d2                _cleanup_r
 .text.__sfmoreglue
                0x000000000000a4dc       0x48 c:/mounriver/mounriver_studio2/resources/app/resources/win32/components/wch/toolchain/risc-v embedded gcc/bin/../lib/gcc/riscv-none-embed/8.2.0/../../../../riscv-none-embed/lib/rv32imafc/ilp32f\libg_nano.a(lib_a-findfp.o)
                0x000000000000a4dc                __sfmoreglue
 .text.__sinit  0x000000000000a524       0x6c c:/mounriver/mounriver_studio2/resources/app/resources/win32/components/wch/toolchain/risc-v embedded gcc/bin/../lib/gcc/riscv-none-embed/8.2.0/../../../../riscv-none-embed/lib/rv32imafc/ilp32f\libg_nano.a(lib_a-findfp.o)
                0x000000000000a524                __sinit
 .text.__sfp    0x000000000000a590       0xa0 c:/mounriver/mounriver_studio2/resources/app/resources/win32/components/wch/toolchain/risc-v embedded gcc/bin/../lib/gcc/riscv-none-embed/8.2.0/../../../../riscv-none-embed/lib/rv32imafc/ilp32f\libg_nano.a(lib_a-findfp.o)
                0x000000000000a590                __sfp
 .text._fwalk_reent
                0x000000000000a630       0x6c c:/mounriver/mounriver_studio2/resources/app/resources/win32/components/wch/toolchain/risc-v embedded gcc/bin/../lib/gcc/riscv-none-embed/8.2.0/../../../../riscv-none-embed/lib/rv32imafc/ilp32f\libg_nano.a(lib_a-fwalk.o)
                0x000000000000a630                _fwalk_reent
 .text._localeconv_r
                0x000000000000a69c       0x18 c:/mounriver/mounriver_studio2/resources/app/resources/win32/components/wch/toolchain/risc-v embedded gcc/bin/../lib/gcc/riscv-none-embed/8.2.0/../../../../riscv-none-embed/lib/rv32imafc/ilp32f\libg_nano.a(lib_a-localeconv.o)
                0x000000000000a69c                _localeconv_r
 .text.memchr   0x000000000000a6b4       0x1a c:/mounriver/mounriver_studio2/resources/app/resources/win32/components/wch/toolchain/risc-v embedded gcc/bin/../lib/gcc/riscv-none-embed/8.2.0/../../../../riscv-none-embed/lib/rv32imafc/ilp32f\libg_nano.a(lib_a-memchr.o)
                0x000000000000a6b4                memchr
 .text.__malloc_lock
                0x000000000000a6ce        0x2 c:/mounriver/mounriver_studio2/resources/app/resources/win32/components/wch/toolchain/risc-v embedded gcc/bin/../lib/gcc/riscv-none-embed/8.2.0/../../../../riscv-none-embed/lib/rv32imafc/ilp32f\libg_nano.a(lib_a-mlock.o)
                0x000000000000a6ce                __malloc_lock
 .text.__malloc_unlock
                0x000000000000a6d0        0x2 c:/mounriver/mounriver_studio2/resources/app/resources/win32/components/wch/toolchain/risc-v embedded gcc/bin/../lib/gcc/riscv-none-embed/8.2.0/../../../../riscv-none-embed/lib/rv32imafc/ilp32f\libg_nano.a(lib_a-mlock.o)
                0x000000000000a6d0                __malloc_unlock
 .text._Balloc  0x000000000000a6d2       0x88 c:/mounriver/mounriver_studio2/resources/app/resources/win32/components/wch/toolchain/risc-v embedded gcc/bin/../lib/gcc/riscv-none-embed/8.2.0/../../../../riscv-none-embed/lib/rv32imafc/ilp32f\libg_nano.a(lib_a-mprec.o)
                0x000000000000a6d2                _Balloc
 .text._Bfree   0x000000000000a75a       0x44 c:/mounriver/mounriver_studio2/resources/app/resources/win32/components/wch/toolchain/risc-v embedded gcc/bin/../lib/gcc/riscv-none-embed/8.2.0/../../../../riscv-none-embed/lib/rv32imafc/ilp32f\libg_nano.a(lib_a-mprec.o)
                0x000000000000a75a                _Bfree
 .text.__multadd
                0x000000000000a79e       0x98 c:/mounriver/mounriver_studio2/resources/app/resources/win32/components/wch/toolchain/risc-v embedded gcc/bin/../lib/gcc/riscv-none-embed/8.2.0/../../../../riscv-none-embed/lib/rv32imafc/ilp32f\libg_nano.a(lib_a-mprec.o)
                0x000000000000a79e                __multadd
 .text.__hi0bits
                0x000000000000a836       0x46 c:/mounriver/mounriver_studio2/resources/app/resources/win32/components/wch/toolchain/risc-v embedded gcc/bin/../lib/gcc/riscv-none-embed/8.2.0/../../../../riscv-none-embed/lib/rv32imafc/ilp32f\libg_nano.a(lib_a-mprec.o)
                0x000000000000a836                __hi0bits
 .text.__lo0bits
                0x000000000000a87c       0x6a c:/mounriver/mounriver_studio2/resources/app/resources/win32/components/wch/toolchain/risc-v embedded gcc/bin/../lib/gcc/riscv-none-embed/8.2.0/../../../../riscv-none-embed/lib/rv32imafc/ilp32f\libg_nano.a(lib_a-mprec.o)
                0x000000000000a87c                __lo0bits
 .text.__i2b    0x000000000000a8e6       0x1c c:/mounriver/mounriver_studio2/resources/app/resources/win32/components/wch/toolchain/risc-v embedded gcc/bin/../lib/gcc/riscv-none-embed/8.2.0/../../../../riscv-none-embed/lib/rv32imafc/ilp32f\libg_nano.a(lib_a-mprec.o)
                0x000000000000a8e6                __i2b
 .text.__multiply
                0x000000000000a902      0x144 c:/mounriver/mounriver_studio2/resources/app/resources/win32/components/wch/toolchain/risc-v embedded gcc/bin/../lib/gcc/riscv-none-embed/8.2.0/../../../../riscv-none-embed/lib/rv32imafc/ilp32f\libg_nano.a(lib_a-mprec.o)
                0x000000000000a902                __multiply
 .text.__pow5mult
                0x000000000000aa46       0xbe c:/mounriver/mounriver_studio2/resources/app/resources/win32/components/wch/toolchain/risc-v embedded gcc/bin/../lib/gcc/riscv-none-embed/8.2.0/../../../../riscv-none-embed/lib/rv32imafc/ilp32f\libg_nano.a(lib_a-mprec.o)
                0x000000000000aa46                __pow5mult
 .text.__lshift
                0x000000000000ab04       0xce c:/mounriver/mounriver_studio2/resources/app/resources/win32/components/wch/toolchain/risc-v embedded gcc/bin/../lib/gcc/riscv-none-embed/8.2.0/../../../../riscv-none-embed/lib/rv32imafc/ilp32f\libg_nano.a(lib_a-mprec.o)
                0x000000000000ab04                __lshift
 .text.__mcmp   0x000000000000abd2       0x32 c:/mounriver/mounriver_studio2/resources/app/resources/win32/components/wch/toolchain/risc-v embedded gcc/bin/../lib/gcc/riscv-none-embed/8.2.0/../../../../riscv-none-embed/lib/rv32imafc/ilp32f\libg_nano.a(lib_a-mprec.o)
                0x000000000000abd2                __mcmp
 .text.__mdiff  0x000000000000ac04       0xf2 c:/mounriver/mounriver_studio2/resources/app/resources/win32/components/wch/toolchain/risc-v embedded gcc/bin/../lib/gcc/riscv-none-embed/8.2.0/../../../../riscv-none-embed/lib/rv32imafc/ilp32f\libg_nano.a(lib_a-mprec.o)
                0x000000000000ac04                __mdiff
 .text.__d2b    0x000000000000acf6       0xd4 c:/mounriver/mounriver_studio2/resources/app/resources/win32/components/wch/toolchain/risc-v embedded gcc/bin/../lib/gcc/riscv-none-embed/8.2.0/../../../../riscv-none-embed/lib/rv32imafc/ilp32f\libg_nano.a(lib_a-mprec.o)
                0x000000000000acf6                __d2b
 .text._calloc_r
                0x000000000000adca       0x28 c:/mounriver/mounriver_studio2/resources/app/resources/win32/components/wch/toolchain/risc-v embedded gcc/bin/../lib/gcc/riscv-none-embed/8.2.0/../../../../riscv-none-embed/lib/rv32imafc/ilp32f\libg_nano.a(lib_a-nano-callocr.o)
                0x000000000000adca                _calloc_r
 .text.__ssputs_r
                0x000000000000adf2       0xee c:/mounriver/mounriver_studio2/resources/app/resources/win32/components/wch/toolchain/risc-v embedded gcc/bin/../lib/gcc/riscv-none-embed/8.2.0/../../../../riscv-none-embed/lib/rv32imafc/ilp32f\libg_nano.a(lib_a-nano-svfprintf.o)
                0x000000000000adf2                __ssputs_r
 .text._svfprintf_r
                0x000000000000aee0      0x27e c:/mounriver/mounriver_studio2/resources/app/resources/win32/components/wch/toolchain/risc-v embedded gcc/bin/../lib/gcc/riscv-none-embed/8.2.0/../../../../riscv-none-embed/lib/rv32imafc/ilp32f\libg_nano.a(lib_a-nano-svfprintf.o)
                0x000000000000aee0                _svfiprintf_r
                0x000000000000aee0                _svfprintf_r
 .text.__sfputc_r
                0x000000000000b15e       0x28 c:/mounriver/mounriver_studio2/resources/app/resources/win32/components/wch/toolchain/risc-v embedded gcc/bin/../lib/gcc/riscv-none-embed/8.2.0/../../../../riscv-none-embed/lib/rv32imafc/ilp32f\libg_nano.a(lib_a-nano-vfprintf.o)
 .text.__sfputs_r
                0x000000000000b186       0x44 c:/mounriver/mounriver_studio2/resources/app/resources/win32/components/wch/toolchain/risc-v embedded gcc/bin/../lib/gcc/riscv-none-embed/8.2.0/../../../../riscv-none-embed/lib/rv32imafc/ilp32f\libg_nano.a(lib_a-nano-vfprintf.o)
                0x000000000000b186                __sfputs_r
 .text._vfprintf_r
                0x000000000000b1ca      0x29e c:/mounriver/mounriver_studio2/resources/app/resources/win32/components/wch/toolchain/risc-v embedded gcc/bin/../lib/gcc/riscv-none-embed/8.2.0/../../../../riscv-none-embed/lib/rv32imafc/ilp32f\libg_nano.a(lib_a-nano-vfprintf.o)
                0x000000000000b1ca                _vfprintf_r
                0x000000000000b1ca                _vfiprintf_r
 .text.__sread  0x000000000000b468       0x30 c:/mounriver/mounriver_studio2/resources/app/resources/win32/components/wch/toolchain/risc-v embedded gcc/bin/../lib/gcc/riscv-none-embed/8.2.0/../../../../riscv-none-embed/lib/rv32imafc/ilp32f\libg_nano.a(lib_a-stdio.o)
                0x000000000000b468                __sread
 .text.__swrite
                0x000000000000b498       0x4e c:/mounriver/mounriver_studio2/resources/app/resources/win32/components/wch/toolchain/risc-v embedded gcc/bin/../lib/gcc/riscv-none-embed/8.2.0/../../../../riscv-none-embed/lib/rv32imafc/ilp32f\libg_nano.a(lib_a-stdio.o)
                0x000000000000b498                __swrite
 .text.__sseek  0x000000000000b4e6       0x36 c:/mounriver/mounriver_studio2/resources/app/resources/win32/components/wch/toolchain/risc-v embedded gcc/bin/../lib/gcc/riscv-none-embed/8.2.0/../../../../riscv-none-embed/lib/rv32imafc/ilp32f\libg_nano.a(lib_a-stdio.o)
                0x000000000000b4e6                __sseek
 .text.__sclose
                0x000000000000b51c        0x6 c:/mounriver/mounriver_studio2/resources/app/resources/win32/components/wch/toolchain/risc-v embedded gcc/bin/../lib/gcc/riscv-none-embed/8.2.0/../../../../riscv-none-embed/lib/rv32imafc/ilp32f\libg_nano.a(lib_a-stdio.o)
                0x000000000000b51c                __sclose
 .text.__swbuf_r
                0x000000000000b522       0xc2 c:/mounriver/mounriver_studio2/resources/app/resources/win32/components/wch/toolchain/risc-v embedded gcc/bin/../lib/gcc/riscv-none-embed/8.2.0/../../../../riscv-none-embed/lib/rv32imafc/ilp32f\libg_nano.a(lib_a-wbuf.o)
                0x000000000000b522                __swbuf_r
 .text._write_r
                0x000000000000b5e4       0x2e c:/mounriver/mounriver_studio2/resources/app/resources/win32/components/wch/toolchain/risc-v embedded gcc/bin/../lib/gcc/riscv-none-embed/8.2.0/../../../../riscv-none-embed/lib/rv32imafc/ilp32f\libg_nano.a(lib_a-writer.o)
                0x000000000000b5e4                _write_r
 .text.__swsetup_r
                0x000000000000b612      0x110 c:/mounriver/mounriver_studio2/resources/app/resources/win32/components/wch/toolchain/risc-v embedded gcc/bin/../lib/gcc/riscv-none-embed/8.2.0/../../../../riscv-none-embed/lib/rv32imafc/ilp32f\libg_nano.a(lib_a-wsetup.o)
                0x000000000000b612                __swsetup_r
 .text._close_r
                0x000000000000b722       0x2a c:/mounriver/mounriver_studio2/resources/app/resources/win32/components/wch/toolchain/risc-v embedded gcc/bin/../lib/gcc/riscv-none-embed/8.2.0/../../../../riscv-none-embed/lib/rv32imafc/ilp32f\libg_nano.a(lib_a-closer.o)
                0x000000000000b722                _close_r
 .text.__sflush_r
                0x000000000000b74c      0x13e c:/mounriver/mounriver_studio2/resources/app/resources/win32/components/wch/toolchain/risc-v embedded gcc/bin/../lib/gcc/riscv-none-embed/8.2.0/../../../../riscv-none-embed/lib/rv32imafc/ilp32f\libg_nano.a(lib_a-fflush.o)
                0x000000000000b74c                __sflush_r
 .text._fflush_r
                0x000000000000b88a       0x68 c:/mounriver/mounriver_studio2/resources/app/resources/win32/components/wch/toolchain/risc-v embedded gcc/bin/../lib/gcc/riscv-none-embed/8.2.0/../../../../riscv-none-embed/lib/rv32imafc/ilp32f\libg_nano.a(lib_a-fflush.o)
                0x000000000000b88a                _fflush_r
 .text._lseek_r
                0x000000000000b8f2       0x2c c:/mounriver/mounriver_studio2/resources/app/resources/win32/components/wch/toolchain/risc-v embedded gcc/bin/../lib/gcc/riscv-none-embed/8.2.0/../../../../riscv-none-embed/lib/rv32imafc/ilp32f\libg_nano.a(lib_a-lseekr.o)
                0x000000000000b8f2                _lseek_r
 .text.__swhatbuf_r
                0x000000000000b91e       0x58 c:/mounriver/mounriver_studio2/resources/app/resources/win32/components/wch/toolchain/risc-v embedded gcc/bin/../lib/gcc/riscv-none-embed/8.2.0/../../../../riscv-none-embed/lib/rv32imafc/ilp32f\libg_nano.a(lib_a-makebuf.o)
                0x000000000000b91e                __swhatbuf_r
 .text.__smakebuf_r
                0x000000000000b976       0xa0 c:/mounriver/mounriver_studio2/resources/app/resources/win32/components/wch/toolchain/risc-v embedded gcc/bin/../lib/gcc/riscv-none-embed/8.2.0/../../../../riscv-none-embed/lib/rv32imafc/ilp32f\libg_nano.a(lib_a-makebuf.o)
                0x000000000000b976                __smakebuf_r
 .text.__ascii_mbtowc
                0x000000000000ba16       0x3a c:/mounriver/mounriver_studio2/resources/app/resources/win32/components/wch/toolchain/risc-v embedded gcc/bin/../lib/gcc/riscv-none-embed/8.2.0/../../../../riscv-none-embed/lib/rv32imafc/ilp32f\libg_nano.a(lib_a-mbtowc_r.o)
                0x000000000000ba16                __ascii_mbtowc
 .text.memmove  0x000000000000ba50       0x4a c:/mounriver/mounriver_studio2/resources/app/resources/win32/components/wch/toolchain/risc-v embedded gcc/bin/../lib/gcc/riscv-none-embed/8.2.0/../../../../riscv-none-embed/lib/rv32imafc/ilp32f\libg_nano.a(lib_a-memmove.o)
                0x000000000000ba50                memmove
 .text._realloc_r
                0x000000000000ba9a       0x58 c:/mounriver/mounriver_studio2/resources/app/resources/win32/components/wch/toolchain/risc-v embedded gcc/bin/../lib/gcc/riscv-none-embed/8.2.0/../../../../riscv-none-embed/lib/rv32imafc/ilp32f\libg_nano.a(lib_a-nano-reallocr.o)
                0x000000000000ba9a                _realloc_r
 .text._read_r  0x000000000000baf2       0x2c c:/mounriver/mounriver_studio2/resources/app/resources/win32/components/wch/toolchain/risc-v embedded gcc/bin/../lib/gcc/riscv-none-embed/8.2.0/../../../../riscv-none-embed/lib/rv32imafc/ilp32f\libg_nano.a(lib_a-readr.o)
                0x000000000000baf2                _read_r
 .text.__ascii_wctomb
                0x000000000000bb1e       0x20 c:/mounriver/mounriver_studio2/resources/app/resources/win32/components/wch/toolchain/risc-v embedded gcc/bin/../lib/gcc/riscv-none-embed/8.2.0/../../../../riscv-none-embed/lib/rv32imafc/ilp32f\libg_nano.a(lib_a-wctomb_r.o)
                0x000000000000bb1e                __ascii_wctomb
 .text._fstat_r
                0x000000000000bb3e       0x2a c:/mounriver/mounriver_studio2/resources/app/resources/win32/components/wch/toolchain/risc-v embedded gcc/bin/../lib/gcc/riscv-none-embed/8.2.0/../../../../riscv-none-embed/lib/rv32imafc/ilp32f\libg_nano.a(lib_a-fstatr.o)
                0x000000000000bb3e                _fstat_r
 .text._isatty_r
                0x000000000000bb68       0x28 c:/mounriver/mounriver_studio2/resources/app/resources/win32/components/wch/toolchain/risc-v embedded gcc/bin/../lib/gcc/riscv-none-embed/8.2.0/../../../../riscv-none-embed/lib/rv32imafc/ilp32f\libg_nano.a(lib_a-isattyr.o)
                0x000000000000bb68                _isatty_r
 .text._malloc_usable_size_r
                0x000000000000bb90       0x14 c:/mounriver/mounriver_studio2/resources/app/resources/win32/components/wch/toolchain/risc-v embedded gcc/bin/../lib/gcc/riscv-none-embed/8.2.0/../../../../riscv-none-embed/lib/rv32imafc/ilp32f\libg_nano.a(lib_a-nano-msizer.o)
                0x000000000000bb90                _malloc_usable_size_r
 .text.__trunctfdf2
                0x000000000000bba4      0x3d0 c:/mounriver/mounriver_studio2/resources/app/resources/win32/components/wch/toolchain/risc-v embedded gcc/bin/../lib/gcc/riscv-none-embed/8.2.0/rv32imafc/ilp32f\libgcc.a(trunctfdf2.o)
                0x000000000000bba4                __trunctfdf2
 .text._close   0x000000000000bf74        0xc c:/mounriver/mounriver_studio2/resources/app/resources/win32/components/wch/toolchain/risc-v embedded gcc/bin/../lib/gcc/riscv-none-embed/8.2.0/../../../../riscv-none-embed/lib/rv32imafc/ilp32f\libnosys.a(close.o)
                0x000000000000bf74                _close
 .text._fstat   0x000000000000bf80        0xc c:/mounriver/mounriver_studio2/resources/app/resources/win32/components/wch/toolchain/risc-v embedded gcc/bin/../lib/gcc/riscv-none-embed/8.2.0/../../../../riscv-none-embed/lib/rv32imafc/ilp32f\libnosys.a(fstat.o)
                0x000000000000bf80                _fstat
 .text._isatty  0x000000000000bf8c        0xc c:/mounriver/mounriver_studio2/resources/app/resources/win32/components/wch/toolchain/risc-v embedded gcc/bin/../lib/gcc/riscv-none-embed/8.2.0/../../../../riscv-none-embed/lib/rv32imafc/ilp32f\libnosys.a(isatty.o)
                0x000000000000bf8c                _isatty
 .text._lseek   0x000000000000bf98        0xc c:/mounriver/mounriver_studio2/resources/app/resources/win32/components/wch/toolchain/risc-v embedded gcc/bin/../lib/gcc/riscv-none-embed/8.2.0/../../../../riscv-none-embed/lib/rv32imafc/ilp32f\libnosys.a(lseek.o)
                0x000000000000bf98                _lseek
 .text._read    0x000000000000bfa4        0xc c:/mounriver/mounriver_studio2/resources/app/resources/win32/components/wch/toolchain/risc-v embedded gcc/bin/../lib/gcc/riscv-none-embed/8.2.0/../../../../riscv-none-embed/lib/rv32imafc/ilp32f\libnosys.a(read.o)
                0x000000000000bfa4                _read
 .text._sbrk    0x000000000000bfb0       0x20 c:/mounriver/mounriver_studio2/resources/app/resources/win32/components/wch/toolchain/risc-v embedded gcc/bin/../lib/gcc/riscv-none-embed/8.2.0/../../../../riscv-none-embed/lib/rv32imafc/ilp32f\libnosys.a(sbrk.o)
                0x000000000000bfb0                _sbrk
 *(.rodata)
 .rodata        0x000000000000bfd0       0x46 ./zf_driver/zf_driver_uart.o
 *fill*         0x000000000000c016        0x2 
 .rodata        0x000000000000c018       0xf0 ./zf_device/zf_device_gnss.o
 .rodata        0x000000000000c108       0x78 ./zf_common/zf_common_debug.o
 .rodata        0x000000000000c180       0x46 ./zf_common/zf_common_fifo.o
 *fill*         0x000000000000c1c6        0x2 
 .rodata        0x000000000000c1c8       0x41 ./sdk/Peripheral/ch32v30x_usbotg_device.o
 *(.rodata*)
 *fill*         0x000000000000c209        0x3 
 .rodata.uart_index
                0x000000000000c20c       0x20 ./zf_driver/zf_driver_uart.o
                0x000000000000c20c                uart_index
 .rodata.MyDevDescrHD
                0x000000000000c22c       0x12 ./sdk/Peripheral/ch32v30x_usbotg_device.o
                0x000000000000c22c                MyDevDescrHD
 *fill*         0x000000000000c23e        0x2 
 .rodata.MyCfgDescrHD
                0x000000000000c240       0x43 ./sdk/Peripheral/ch32v30x_usbotg_device.o
                0x000000000000c240                MyCfgDescrHD
 *fill*         0x000000000000c283        0x1 
 .rodata.MyReportDescHD
                0x000000000000c284       0x14 ./sdk/Peripheral/ch32v30x_usbotg_device.o
                0x000000000000c284                MyReportDescHD
 .rodata.MyManuInfoHD
                0x000000000000c298        0xe ./sdk/Peripheral/ch32v30x_usbotg_device.o
                0x000000000000c298                MyManuInfoHD
 *fill*         0x000000000000c2a6        0x2 
 .rodata.MyProdInfoHD
                0x000000000000c2a8        0xc ./sdk/Peripheral/ch32v30x_usbotg_device.o
                0x000000000000c2a8                MyProdInfoHD
 .rodata.MySerNumInfoHD
                0x000000000000c2b4       0x16 ./sdk/Peripheral/ch32v30x_usbotg_device.o
                0x000000000000c2b4                MySerNumInfoHD
 *fill*         0x000000000000c2ca        0x2 
 .rodata.MyUSBQUADescHD
                0x000000000000c2cc        0xa ./sdk/Peripheral/ch32v30x_usbotg_device.o
                0x000000000000c2cc                MyUSBQUADescHD
 *fill*         0x000000000000c2d6        0x2 
 .rodata.OTG_FS_IRQHandler
                0x000000000000c2d8       0xbc ./sdk/Peripheral/ch32v30x_usbotg_device.o
 .rodata.__divdf3
                0x000000000000c394       0x40 c:/mounriver/mounriver_studio2/resources/app/resources/win32/components/wch/toolchain/risc-v embedded gcc/bin/../lib/gcc/riscv-none-embed/8.2.0/rv32imafc/ilp32f\libgcc.a(divdf3.o)
 .rodata.__muldf3
                0x000000000000c3d4       0x40 c:/mounriver/mounriver_studio2/resources/app/resources/win32/components/wch/toolchain/risc-v embedded gcc/bin/../lib/gcc/riscv-none-embed/8.2.0/rv32imafc/ilp32f\libgcc.a(muldf3.o)
 .rodata.__clz_tab
                0x000000000000c414      0x100 c:/mounriver/mounriver_studio2/resources/app/resources/win32/components/wch/toolchain/risc-v embedded gcc/bin/../lib/gcc/riscv-none-embed/8.2.0/rv32imafc/ilp32f\libgcc.a(_clz.o)
                0x000000000000c414                __clz_tab
 *fill*         0x000000000000c514        0x4 
 .rodata._printf_float.cst8
                0x000000000000c518        0x8 c:/mounriver/mounriver_studio2/resources/app/resources/win32/components/wch/toolchain/risc-v embedded gcc/bin/../lib/gcc/riscv-none-embed/8.2.0/../../../../riscv-none-embed/lib/rv32imafc/ilp32f\libg_nano.a(lib_a-nano-vfprintf_float.o)
 .rodata._printf_float.str1.4
                0x000000000000c520       0x12 c:/mounriver/mounriver_studio2/resources/app/resources/win32/components/wch/toolchain/risc-v embedded gcc/bin/../lib/gcc/riscv-none-embed/8.2.0/../../../../riscv-none-embed/lib/rv32imafc/ilp32f\libg_nano.a(lib_a-nano-vfprintf_float.o)
 *fill*         0x000000000000c532        0x2 
 .rodata._printf_i.str1.4
                0x000000000000c534       0x25 c:/mounriver/mounriver_studio2/resources/app/resources/win32/components/wch/toolchain/risc-v embedded gcc/bin/../lib/gcc/riscv-none-embed/8.2.0/../../../../riscv-none-embed/lib/rv32imafc/ilp32f\libg_nano.a(lib_a-nano-vfprintf_i.o)
 *fill*         0x000000000000c559        0x7 
 .rodata._dtoa_r.cst8
                0x000000000000c560       0x48 c:/mounriver/mounriver_studio2/resources/app/resources/win32/components/wch/toolchain/risc-v embedded gcc/bin/../lib/gcc/riscv-none-embed/8.2.0/../../../../riscv-none-embed/lib/rv32imafc/ilp32f\libg_nano.a(lib_a-dtoa.o)
 .rodata._dtoa_r.str1.4
                0x000000000000c5a8       0x10 c:/mounriver/mounriver_studio2/resources/app/resources/win32/components/wch/toolchain/risc-v embedded gcc/bin/../lib/gcc/riscv-none-embed/8.2.0/../../../../riscv-none-embed/lib/rv32imafc/ilp32f\libg_nano.a(lib_a-dtoa.o)
                                         0x12 (size before relaxing)
 .rodata.__sf_fake_stderr
                0x000000000000c5b8       0x20 c:/mounriver/mounriver_studio2/resources/app/resources/win32/components/wch/toolchain/risc-v embedded gcc/bin/../lib/gcc/riscv-none-embed/8.2.0/../../../../riscv-none-embed/lib/rv32imafc/ilp32f\libg_nano.a(lib_a-findfp.o)
                0x000000000000c5b8                __sf_fake_stderr
 .rodata.__sf_fake_stdin
                0x000000000000c5d8       0x20 c:/mounriver/mounriver_studio2/resources/app/resources/win32/components/wch/toolchain/risc-v embedded gcc/bin/../lib/gcc/riscv-none-embed/8.2.0/../../../../riscv-none-embed/lib/rv32imafc/ilp32f\libg_nano.a(lib_a-findfp.o)
                0x000000000000c5d8                __sf_fake_stdin
 .rodata.__sf_fake_stdout
                0x000000000000c5f8       0x20 c:/mounriver/mounriver_studio2/resources/app/resources/win32/components/wch/toolchain/risc-v embedded gcc/bin/../lib/gcc/riscv-none-embed/8.2.0/../../../../riscv-none-embed/lib/rv32imafc/ilp32f\libg_nano.a(lib_a-findfp.o)
                0x000000000000c5f8                __sf_fake_stdout
 .rodata.__mprec_bigtens
                0x000000000000c618       0x28 c:/mounriver/mounriver_studio2/resources/app/resources/win32/components/wch/toolchain/risc-v embedded gcc/bin/../lib/gcc/riscv-none-embed/8.2.0/../../../../riscv-none-embed/lib/rv32imafc/ilp32f\libg_nano.a(lib_a-mprec.o)
                0x000000000000c618                __mprec_bigtens
 .rodata.__mprec_tens
                0x000000000000c640       0xc8 c:/mounriver/mounriver_studio2/resources/app/resources/win32/components/wch/toolchain/risc-v embedded gcc/bin/../lib/gcc/riscv-none-embed/8.2.0/../../../../riscv-none-embed/lib/rv32imafc/ilp32f\libg_nano.a(lib_a-mprec.o)
                0x000000000000c640                __mprec_tens
 .rodata.p05.3321
                0x000000000000c708        0xc c:/mounriver/mounriver_studio2/resources/app/resources/win32/components/wch/toolchain/risc-v embedded gcc/bin/../lib/gcc/riscv-none-embed/8.2.0/../../../../riscv-none-embed/lib/rv32imafc/ilp32f\libg_nano.a(lib_a-mprec.o)
 .rodata._svfprintf_r.str1.4
                0x000000000000c714       0x13 c:/mounriver/mounriver_studio2/resources/app/resources/win32/components/wch/toolchain/risc-v embedded gcc/bin/../lib/gcc/riscv-none-embed/8.2.0/../../../../riscv-none-embed/lib/rv32imafc/ilp32f\libg_nano.a(lib_a-nano-svfprintf.o)
 .rodata._vfprintf_r.str1.4
                0x000000000000c727       0x13 c:/mounriver/mounriver_studio2/resources/app/resources/win32/components/wch/toolchain/risc-v embedded gcc/bin/../lib/gcc/riscv-none-embed/8.2.0/../../../../riscv-none-embed/lib/rv32imafc/ilp32f\libg_nano.a(lib_a-nano-vfprintf.o)
 *fill*         0x000000000000c727        0x1 
 .rodata._setlocale_r.str1.4
                0x000000000000c728        0xa c:/mounriver/mounriver_studio2/resources/app/resources/win32/components/wch/toolchain/risc-v embedded gcc/bin/../lib/gcc/riscv-none-embed/8.2.0/../../../../riscv-none-embed/lib/rv32imafc/ilp32f\libg_nano.a(lib_a-locale.o)
                                          0xd (size before relaxing)
 *fill*         0x000000000000c732        0x2 
 .rodata.str1.4
                0x000000000000c734        0x4 c:/mounriver/mounriver_studio2/resources/app/resources/win32/components/wch/toolchain/risc-v embedded gcc/bin/../lib/gcc/riscv-none-embed/8.2.0/../../../../riscv-none-embed/lib/rv32imafc/ilp32f\libg_nano.a(lib_a-locale.o)
                                          0x2 (size before relaxing)
 .rodata._ctype_
                0x000000000000c738      0x101 c:/mounriver/mounriver_studio2/resources/app/resources/win32/components/wch/toolchain/risc-v embedded gcc/bin/../lib/gcc/riscv-none-embed/8.2.0/../../../../riscv-none-embed/lib/rv32imafc/ilp32f\libg_nano.a(lib_a-ctype_.o)
                0x000000000000c738                _ctype_
 *(.glue_7)
 *(.glue_7t)
 *(.gnu.linkonce.t.*)
                0x000000000000c83c                . = ALIGN (0x4)
 *fill*         0x000000000000c839        0x3 

.rela.dyn       0x000000000000c83c        0x0
 .rela.init     0x000000000000c83c        0x0 ./zf_driver/zf_driver_delay.o
 .rela.vector   0x000000000000c83c        0x0 ./zf_driver/zf_driver_delay.o
 .rela.text.handle_reset
                0x000000000000c83c        0x0 ./zf_driver/zf_driver_delay.o
 .rela.text._sbrk_r
                0x000000000000c83c        0x0 ./zf_driver/zf_driver_delay.o
 .rela.text._svfprintf_r
                0x000000000000c83c        0x0 ./zf_driver/zf_driver_delay.o
 .rela.text._vfprintf_r
                0x000000000000c83c        0x0 ./zf_driver/zf_driver_delay.o
 .rela.text._write_r
                0x000000000000c83c        0x0 ./zf_driver/zf_driver_delay.o
 .rela.text._close_r
                0x000000000000c83c        0x0 ./zf_driver/zf_driver_delay.o
 .rela.text._lseek_r
                0x000000000000c83c        0x0 ./zf_driver/zf_driver_delay.o
 .rela.text._read_r
                0x000000000000c83c        0x0 ./zf_driver/zf_driver_delay.o
 .rela.text._fstat_r
                0x000000000000c83c        0x0 ./zf_driver/zf_driver_delay.o
 .rela.text._isatty_r
                0x000000000000c83c        0x0 ./zf_driver/zf_driver_delay.o
 .rela.text._close
                0x000000000000c83c        0x0 ./zf_driver/zf_driver_delay.o
 .rela.text._fstat
                0x000000000000c83c        0x0 ./zf_driver/zf_driver_delay.o
 .rela.text._isatty
                0x000000000000c83c        0x0 ./zf_driver/zf_driver_delay.o
 .rela.text._lseek
                0x000000000000c83c        0x0 ./zf_driver/zf_driver_delay.o
 .rela.text._read
                0x000000000000c83c        0x0 ./zf_driver/zf_driver_delay.o
 .rela.text._sbrk
                0x000000000000c83c        0x0 ./zf_driver/zf_driver_delay.o

.fini           0x000000000000c83c        0x0
 *(SORT_NONE(.fini))
                0x000000000000c83c                . = ALIGN (0x4)
                [!provide]                        PROVIDE (_etext = .)
                [!provide]                        PROVIDE (_eitcm = .)

.preinit_array  0x000000000000c83c        0x0
                [!provide]                        PROVIDE (__preinit_array_start = .)
 *(.preinit_array)
                [!provide]                        PROVIDE (__preinit_array_end = .)

.init_array     0x000000000000c83c        0x0
                [!provide]                        PROVIDE (__init_array_start = .)
 *(SORT_BY_INIT_PRIORITY(.init_array.*) SORT_BY_INIT_PRIORITY(.ctors.*))
 *(.init_array EXCLUDE_FILE(*crtend?.o *crtend.o *crtbegin?.o *crtbegin.o) .ctors)
                [!provide]                        PROVIDE (__init_array_end = .)

.fini_array     0x000000000000c83c        0x0
                [!provide]                        PROVIDE (__fini_array_start = .)
 *(SORT_BY_INIT_PRIORITY(.fini_array.*) SORT_BY_INIT_PRIORITY(.dtors.*))
 *(.fini_array EXCLUDE_FILE(*crtend?.o *crtend.o *crtbegin?.o *crtbegin.o) .dtors)
                [!provide]                        PROVIDE (__fini_array_end = .)

.ctors
 *crtbegin.o(.ctors)
 *crtbegin?.o(.ctors)
 *(EXCLUDE_FILE(*crtend?.o *crtend.o) .ctors)
 *(SORT_BY_NAME(.ctors.*))
 *(.ctors)

.dtors
 *crtbegin.o(.dtors)
 *crtbegin?.o(.dtors)
 *(EXCLUDE_FILE(*crtend?.o *crtend.o) .dtors)
 *(SORT_BY_NAME(.dtors.*))
 *(.dtors)

.dalign         0x0000000020000040        0x0 load address 0x000000000000c83c
                0x0000000020000040                . = ALIGN (0x4)
                0x0000000020000040                PROVIDE (_data_vma = .)

.dlalign        0x000000000000c83c        0x0
                0x000000000000c83c                . = ALIGN (0x4)
                0x000000000000c83c                PROVIDE (_data_lma = .)

.data           0x0000000020000040      0x270 load address 0x000000000000c83c
 *(.gnu.linkonce.r.*)
 *(.data .data.*)
 .data.gpio_group
                0x0000000020000040       0x14 ./zf_driver/zf_driver_gpio.o
                0x0000000020000040                gpio_group
 .data.APBAHBPrescTable
                0x0000000020000054       0x10 ./sdk/Peripheral/ch32v30x_rcc.o
 .data.TAB_USB_FS_OSC_DESC
                0x0000000020000064       0x43 ./sdk/Peripheral/ch32v30x_usbotg_device.o
                0x0000000020000064                TAB_USB_FS_OSC_DESC
 *fill*         0x00000000200000a7        0x1 
 .data.impure_data
                0x00000000200000a8       0x60 c:/mounriver/mounriver_studio2/resources/app/resources/win32/components/wch/toolchain/risc-v embedded gcc/bin/../lib/gcc/riscv-none-embed/8.2.0/../../../../riscv-none-embed/lib/rv32imafc/ilp32f\libg_nano.a(lib_a-impure.o)
 .data.__global_locale
                0x0000000020000108      0x16c c:/mounriver/mounriver_studio2/resources/app/resources/win32/components/wch/toolchain/risc-v embedded gcc/bin/../lib/gcc/riscv-none-embed/8.2.0/../../../../riscv-none-embed/lib/rv32imafc/ilp32f\libg_nano.a(lib_a-locale.o)
                0x0000000020000108                __global_locale
 *(.gnu.linkonce.d.*)
                0x0000000020000278                . = ALIGN (0x8)
 *fill*         0x0000000020000274        0x4 
                0x0000000020000a78                PROVIDE (__global_pointer$ = (. + 0x800))
 *(.sdata .sdata.*)
 .sdata.camera_uart_handler
                0x0000000020000278        0x4 ./zf_device/zf_device_type.o
                0x0000000020000278                camera_uart_handler
 .sdata.camera_dvp_handler
                0x000000002000027c        0x4 ./zf_device/zf_device_type.o
                0x000000002000027c                camera_dvp_handler
 .sdata.wireless_module_uart_handler
                0x0000000020000280        0x4 ./zf_device/zf_device_type.o
                0x0000000020000280                wireless_module_uart_handler
 .sdata.system_clock
                0x0000000020000284        0x4 ./zf_common/zf_common_clock.o
                0x0000000020000284                system_clock
 .sdata.zf_debug_assert_enable
                0x0000000020000288        0x1 ./zf_common/zf_common_debug.o
 *fill*         0x0000000020000289        0x3 
 .sdata.ADCPrescTable
                0x000000002000028c        0x4 ./sdk/Peripheral/ch32v30x_rcc.o
 .sdata.USBHD_Dev_Speed
                0x0000000020000290        0x1 ./sdk/Peripheral/ch32v30x_usbotg_device.o
                0x0000000020000290                USBHD_Dev_Speed
 *fill*         0x0000000020000291        0x3 
 .sdata.LineCoding
                0x0000000020000294        0x7 ./sdk/Peripheral/ch32v30x_usbotg_device.o
                0x0000000020000294                LineCoding
 *fill*         0x000000002000029b        0x1 
 .sdata._impure_ptr
                0x000000002000029c        0x4 c:/mounriver/mounriver_studio2/resources/app/resources/win32/components/wch/toolchain/risc-v embedded gcc/bin/../lib/gcc/riscv-none-embed/8.2.0/../../../../riscv-none-embed/lib/rv32imafc/ilp32f\libg_nano.a(lib_a-impure.o)
                0x000000002000029c                _impure_ptr
 *(.sdata2.*)
 .sdata2.uart_irq
                0x00000000200002a0        0x8 ./zf_driver/zf_driver_uart.o
                0x00000000200002a0                uart_irq
 .sdata2.MyLangDescrHD
                0x00000000200002a8        0x4 ./sdk/Peripheral/ch32v30x_usbotg_device.o
                0x00000000200002a8                MyLangDescrHD
 .sdata2._global_impure_ptr
                0x00000000200002ac        0x4 c:/mounriver/mounriver_studio2/resources/app/resources/win32/components/wch/toolchain/risc-v embedded gcc/bin/../lib/gcc/riscv-none-embed/8.2.0/../../../../riscv-none-embed/lib/rv32imafc/ilp32f\libg_nano.a(lib_a-impure.o)
                0x00000000200002ac                _global_impure_ptr
 *(.gnu.linkonce.s.*)
                0x00000000200002b0                . = ALIGN (0x8)
 *(.srodata.cst16)
 *(.srodata.cst8)
 *(.srodata.cst4)
 *(.srodata.cst2)
 *(.srodata .srodata.*)
                0x00000000200002b0                . = ALIGN (0x4)
                0x00000000200002b0                PROVIDE (_edata = .)

.bss            0x00000000200002b0      0x258 load address 0x000000000000caac
                0x00000000200002b0                . = ALIGN (0x4)
                0x00000000200002b0                PROVIDE (_sbss = .)
 *(.sbss*)
 .sbss.gnss_flag
                0x00000000200002b0        0x1 ./zf_device/zf_device_gnss.o
                0x00000000200002b0                gnss_flag
 .sbss.gnss_state
                0x00000000200002b1        0x1 ./zf_device/zf_device_gnss.o
 *fill*         0x00000000200002b2        0x2 
 .sbss.gnss_gga_state
                0x00000000200002b4        0x4 ./zf_device/zf_device_gnss.o
 .sbss.gnss_rmc_state
                0x00000000200002b8        0x4 ./zf_device/zf_device_gnss.o
 .sbss.gnss_ths_state
                0x00000000200002bc        0x4 ./zf_device/zf_device_gnss.o
 .sbss.zf_debug_init_flag
                0x00000000200002c0        0x1 ./zf_common/zf_common_debug.o
 .sbss.assert_nest_index.5042
                0x00000000200002c1        0x1 ./zf_common/zf_common_debug.o
 *fill*         0x00000000200002c2        0x2 
 .sbss.interrupt_nest_count
                0x00000000200002c4        0x4 ./zf_common/zf_common_interrupt.o
 .sbss.exti_state
                0x00000000200002c8        0x4 ./user_c/main.o
                0x00000000200002c8                exti_state
 .sbss.EP0_DatabufHD
                0x00000000200002cc        0x8 ./sdk/Peripheral/ch32v30x_usbotg_device.o
                0x00000000200002cc                EP0_DatabufHD
 .sbss.pEP0_RAM_Addr
                0x00000000200002d4        0x4 ./sdk/Peripheral/ch32v30x_usbotg_device.o
                0x00000000200002d4                pEP0_RAM_Addr
 .sbss.pEP1_RAM_Addr
                0x00000000200002d8        0x4 ./sdk/Peripheral/ch32v30x_usbotg_device.o
                0x00000000200002d8                pEP1_RAM_Addr
 .sbss.pEP2_RAM_Addr
                0x00000000200002dc        0x4 ./sdk/Peripheral/ch32v30x_usbotg_device.o
                0x00000000200002dc                pEP2_RAM_Addr
 .sbss.pDescr   0x00000000200002e0        0x4 ./sdk/Peripheral/ch32v30x_usbotg_device.o
                0x00000000200002e0                pDescr
 .sbss.USBHD_Dev_SetupReqLen
                0x00000000200002e4        0x2 ./sdk/Peripheral/ch32v30x_usbotg_device.o
                0x00000000200002e4                USBHD_Dev_SetupReqLen
 .sbss.USBHD_Dev_SleepStatus
                0x00000000200002e6        0x1 ./sdk/Peripheral/ch32v30x_usbotg_device.o
                0x00000000200002e6                USBHD_Dev_SleepStatus
 .sbss.DevConfig
                0x00000000200002e7        0x1 ./sdk/Peripheral/ch32v30x_usbotg_device.o
                0x00000000200002e7                DevConfig
 .sbss.SetupReqCode
                0x00000000200002e8        0x1 ./sdk/Peripheral/ch32v30x_usbotg_device.o
                0x00000000200002e8                SetupReqCode
 *fill*         0x00000000200002e9        0x1 
 .sbss.SetupReqLen
                0x00000000200002ea        0x2 ./sdk/Peripheral/ch32v30x_usbotg_device.o
                0x00000000200002ea                SetupReqLen
 .sbss.__malloc_free_list
                0x00000000200002ec        0x4 c:/mounriver/mounriver_studio2/resources/app/resources/win32/components/wch/toolchain/risc-v embedded gcc/bin/../lib/gcc/riscv-none-embed/8.2.0/../../../../riscv-none-embed/lib/rv32imafc/ilp32f\libg_nano.a(lib_a-nano-mallocr.o)
                0x00000000200002ec                __malloc_free_list
 .sbss.__malloc_sbrk_start
                0x00000000200002f0        0x4 c:/mounriver/mounriver_studio2/resources/app/resources/win32/components/wch/toolchain/risc-v embedded gcc/bin/../lib/gcc/riscv-none-embed/8.2.0/../../../../riscv-none-embed/lib/rv32imafc/ilp32f\libg_nano.a(lib_a-nano-mallocr.o)
                0x00000000200002f0                __malloc_sbrk_start
 .sbss.heap_end.1520
                0x00000000200002f4        0x4 c:/mounriver/mounriver_studio2/resources/app/resources/win32/components/wch/toolchain/risc-v embedded gcc/bin/../lib/gcc/riscv-none-embed/8.2.0/../../../../riscv-none-embed/lib/rv32imafc/ilp32f\libnosys.a(sbrk.o)
 *(.gnu.linkonce.sb.*)
 *(.bss*)
 .bss.gnss_receiver_fifo
                0x00000000200002f8       0x19 ./zf_device/zf_device_gnss.o
 *fill*         0x0000000020000311        0x3 
 .bss.gps_gga_buffer
                0x0000000020000314       0x80 ./zf_device/zf_device_gnss.o
 .bss.gps_rmc_buffer
                0x0000000020000394       0x80 ./zf_device/zf_device_gnss.o
 .bss.gps_ths_buffer
                0x0000000020000414       0x80 ./zf_device/zf_device_gnss.o
 .bss.debug_uart_buffer
                0x0000000020000494       0x40 ./zf_common/zf_common_debug.o
                0x0000000020000494                debug_uart_buffer
 .bss.debug_uart_fifo
                0x00000000200004d4       0x19 ./zf_common/zf_common_debug.o
                0x00000000200004d4                debug_uart_fifo
 *fill*         0x00000000200004ed        0x3 
 .bss.debug_output_info
                0x00000000200004f0       0x14 ./zf_common/zf_common_debug.o
 *(.gnu.linkonce.b.*)
 *(COMMON*)
 COMMON         0x0000000020000504        0x4 c:/mounriver/mounriver_studio2/resources/app/resources/win32/components/wch/toolchain/risc-v embedded gcc/bin/../lib/gcc/riscv-none-embed/8.2.0/../../../../riscv-none-embed/lib/rv32imafc/ilp32f\libg_nano.a(lib_a-reent.o)
                0x0000000020000504                errno
                0x0000000020000508                . = ALIGN (0x4)
                0x0000000020000508                PROVIDE (_ebss = .)
                [!provide]                        PROVIDE (_end = _ebss)
                0x0000000020000508                PROVIDE (end = .)

.stack          0x000000002000f440      0x800
                [!provide]                        PROVIDE (_heap_end = .)
                0x000000002000f440                . = ALIGN (0x4)
                [!provide]                        PROVIDE (_susrstack = .)
                0x000000002000fc40                . = (. + __stack_size)
 *fill*         0x000000002000f440      0x800 
                0x000000002000fc40                PROVIDE (_eusrstack = .)
OUTPUT(E06_exti_demo.elf elf32-littleriscv)

.debug_info     0x0000000000000000    0x127d4
 .debug_info    0x0000000000000000      0xa28 ./zf_driver/zf_driver_delay.o
 .debug_info    0x0000000000000a28     0x1061 ./zf_driver/zf_driver_exti.o
 .debug_info    0x0000000000001a89      0xefa ./zf_driver/zf_driver_gpio.o
 .debug_info    0x0000000000002983     0x1460 ./zf_driver/zf_driver_uart.o
 .debug_info    0x0000000000003de3     0x1846 ./zf_device/zf_device_gnss.o
 .debug_info    0x0000000000005629      0xb5a ./zf_device/zf_device_type.o
 .debug_info    0x0000000000006183      0xb2d ./zf_common/zf_common_clock.o
 .debug_info    0x0000000000006cb0     0x1497 ./zf_common/zf_common_debug.o
 .debug_info    0x0000000000008147      0xdf1 ./zf_common/zf_common_fifo.o
 .debug_info    0x0000000000008f38      0xf79 ./zf_common/zf_common_interrupt.o
 .debug_info    0x0000000000009eb1     0x1bdd ./user_c/isr.o
 .debug_info    0x000000000000ba8e     0x1a7e ./user_c/main.o
 .debug_info    0x000000000000d50c       0x22 ./sdk/Startup/startup_ch32v30x_D8C.o
 .debug_info    0x000000000000d52e      0x353 ./sdk/Peripheral/ch32v30x_exti.o
 .debug_info    0x000000000000d881      0x712 ./sdk/Peripheral/ch32v30x_gpio.o
 .debug_info    0x000000000000df93      0xc64 ./sdk/Peripheral/ch32v30x_rcc.o
 .debug_info    0x000000000000ebf7     0x1dd2 ./sdk/Peripheral/ch32v30x_tim.o
 .debug_info    0x00000000000109c9      0xa45 ./sdk/Peripheral/ch32v30x_usart.o
 .debug_info    0x000000000001140e     0x13c6 ./sdk/Peripheral/ch32v30x_usbotg_device.o

.debug_abbrev   0x0000000000000000     0x2ae1
 .debug_abbrev  0x0000000000000000      0x212 ./zf_driver/zf_driver_delay.o
 .debug_abbrev  0x0000000000000212      0x28c ./zf_driver/zf_driver_exti.o
 .debug_abbrev  0x000000000000049e      0x2ad ./zf_driver/zf_driver_gpio.o
 .debug_abbrev  0x000000000000074b      0x2be ./zf_driver/zf_driver_uart.o
 .debug_abbrev  0x0000000000000a09      0x353 ./zf_device/zf_device_gnss.o
 .debug_abbrev  0x0000000000000d5c      0x225 ./zf_device/zf_device_type.o
 .debug_abbrev  0x0000000000000f81      0x251 ./zf_common/zf_common_clock.o
 .debug_abbrev  0x00000000000011d2      0x394 ./zf_common/zf_common_debug.o
 .debug_abbrev  0x0000000000001566      0x2a5 ./zf_common/zf_common_fifo.o
 .debug_abbrev  0x000000000000180b      0x2c1 ./zf_common/zf_common_interrupt.o
 .debug_abbrev  0x0000000000001acc      0x291 ./user_c/isr.o
 .debug_abbrev  0x0000000000001d5d      0x278 ./user_c/main.o
 .debug_abbrev  0x0000000000001fd5       0x12 ./sdk/Startup/startup_ch32v30x_D8C.o
 .debug_abbrev  0x0000000000001fe7      0x144 ./sdk/Peripheral/ch32v30x_exti.o
 .debug_abbrev  0x000000000000212b      0x1c7 ./sdk/Peripheral/ch32v30x_gpio.o
 .debug_abbrev  0x00000000000022f2      0x1ef ./sdk/Peripheral/ch32v30x_rcc.o
 .debug_abbrev  0x00000000000024e1      0x1c9 ./sdk/Peripheral/ch32v30x_tim.o
 .debug_abbrev  0x00000000000026aa      0x19e ./sdk/Peripheral/ch32v30x_usart.o
 .debug_abbrev  0x0000000000002848      0x299 ./sdk/Peripheral/ch32v30x_usbotg_device.o

.debug_aranges  0x0000000000000000      0xb98
 .debug_aranges
                0x0000000000000000       0x28 ./zf_driver/zf_driver_delay.o
 .debug_aranges
                0x0000000000000028       0x30 ./zf_driver/zf_driver_exti.o
 .debug_aranges
                0x0000000000000058       0x40 ./zf_driver/zf_driver_gpio.o
 .debug_aranges
                0x0000000000000098       0x58 ./zf_driver/zf_driver_uart.o
 .debug_aranges
                0x00000000000000f0       0x80 ./zf_device/zf_device_gnss.o
 .debug_aranges
                0x0000000000000170       0x38 ./zf_device/zf_device_type.o
 .debug_aranges
                0x00000000000001a8       0x30 ./zf_common/zf_common_clock.o
 .debug_aranges
                0x00000000000001d8       0x98 ./zf_common/zf_common_debug.o
 .debug_aranges
                0x0000000000000270       0x68 ./zf_common/zf_common_fifo.o
 .debug_aranges
                0x00000000000002d8       0x70 ./zf_common/zf_common_interrupt.o
 .debug_aranges
                0x0000000000000348       0xf8 ./user_c/isr.o
 .debug_aranges
                0x0000000000000440       0x40 ./user_c/main.o
 .debug_aranges
                0x0000000000000480       0x30 ./sdk/Startup/startup_ch32v30x_D8C.o
 .debug_aranges
                0x00000000000004b0       0x58 ./sdk/Peripheral/ch32v30x_exti.o
 .debug_aranges
                0x0000000000000508       0xa8 ./sdk/Peripheral/ch32v30x_gpio.o
 .debug_aranges
                0x00000000000005b0      0x1a8 ./sdk/Peripheral/ch32v30x_rcc.o
 .debug_aranges
                0x0000000000000758      0x2f0 ./sdk/Peripheral/ch32v30x_tim.o
 .debug_aranges
                0x0000000000000a48      0x100 ./sdk/Peripheral/ch32v30x_usart.o
 .debug_aranges
                0x0000000000000b48       0x50 ./sdk/Peripheral/ch32v30x_usbotg_device.o

.debug_ranges   0x0000000000000000      0xa70
 .debug_ranges  0x0000000000000000       0x18 ./zf_driver/zf_driver_delay.o
 .debug_ranges  0x0000000000000018       0x20 ./zf_driver/zf_driver_exti.o
 .debug_ranges  0x0000000000000038       0x30 ./zf_driver/zf_driver_gpio.o
 .debug_ranges  0x0000000000000068       0x48 ./zf_driver/zf_driver_uart.o
 .debug_ranges  0x00000000000000b0       0x70 ./zf_device/zf_device_gnss.o
 .debug_ranges  0x0000000000000120       0x28 ./zf_device/zf_device_type.o
 .debug_ranges  0x0000000000000148       0x20 ./zf_common/zf_common_clock.o
 .debug_ranges  0x0000000000000168       0x88 ./zf_common/zf_common_debug.o
 .debug_ranges  0x00000000000001f0       0x58 ./zf_common/zf_common_fifo.o
 .debug_ranges  0x0000000000000248       0x60 ./zf_common/zf_common_interrupt.o
 .debug_ranges  0x00000000000002a8       0xe8 ./user_c/isr.o
 .debug_ranges  0x0000000000000390       0x30 ./user_c/main.o
 .debug_ranges  0x00000000000003c0       0x28 ./sdk/Startup/startup_ch32v30x_D8C.o
 .debug_ranges  0x00000000000003e8       0x48 ./sdk/Peripheral/ch32v30x_exti.o
 .debug_ranges  0x0000000000000430       0x98 ./sdk/Peripheral/ch32v30x_gpio.o
 .debug_ranges  0x00000000000004c8      0x198 ./sdk/Peripheral/ch32v30x_rcc.o
 .debug_ranges  0x0000000000000660      0x2e0 ./sdk/Peripheral/ch32v30x_tim.o
 .debug_ranges  0x0000000000000940       0xf0 ./sdk/Peripheral/ch32v30x_usart.o
 .debug_ranges  0x0000000000000a30       0x40 ./sdk/Peripheral/ch32v30x_usbotg_device.o

.debug_line     0x0000000000000000     0xdaec
 .debug_line    0x0000000000000000      0x4b5 ./zf_driver/zf_driver_delay.o
 .debug_line    0x00000000000004b5      0x566 ./zf_driver/zf_driver_exti.o
 .debug_line    0x0000000000000a1b      0x6df ./zf_driver/zf_driver_gpio.o
 .debug_line    0x00000000000010fa      0xa74 ./zf_driver/zf_driver_uart.o
 .debug_line    0x0000000000001b6e     0x136d ./zf_device/zf_device_gnss.o
 .debug_line    0x0000000000002edb      0x387 ./zf_device/zf_device_type.o
 .debug_line    0x0000000000003262      0x5eb ./zf_common/zf_common_clock.o
 .debug_line    0x000000000000384d      0xdcd ./zf_common/zf_common_debug.o
 .debug_line    0x000000000000461a     0x1000 ./zf_common/zf_common_fifo.o
 .debug_line    0x000000000000561a      0x5a1 ./zf_common/zf_common_interrupt.o
 .debug_line    0x0000000000005bbb      0xce4 ./user_c/isr.o
 .debug_line    0x000000000000689f      0x90c ./user_c/main.o
 .debug_line    0x00000000000071ab      0x37c ./sdk/Startup/startup_ch32v30x_D8C.o
 .debug_line    0x0000000000007527      0x56e ./sdk/Peripheral/ch32v30x_exti.o
 .debug_line    0x0000000000007a95      0xa8f ./sdk/Peripheral/ch32v30x_gpio.o
 .debug_line    0x0000000000008524     0x129e ./sdk/Peripheral/ch32v30x_rcc.o
 .debug_line    0x00000000000097c2     0x223a ./sdk/Peripheral/ch32v30x_tim.o
 .debug_line    0x000000000000b9fc      0xcc3 ./sdk/Peripheral/ch32v30x_usart.o
 .debug_line    0x000000000000c6bf     0x142d ./sdk/Peripheral/ch32v30x_usbotg_device.o

.debug_str      0x0000000000000000     0x4e55
 .debug_str     0x0000000000000000      0x5a9 ./zf_driver/zf_driver_delay.o
                                        0x633 (size before relaxing)
 .debug_str     0x00000000000005a9      0x7f3 ./zf_driver/zf_driver_exti.o
                                        0xd91 (size before relaxing)
 .debug_str     0x0000000000000d9c      0x208 ./zf_driver/zf_driver_gpio.o
                                        0x894 (size before relaxing)
 .debug_str     0x0000000000000fa4      0x5ae ./zf_driver/zf_driver_uart.o
                                       0x1178 (size before relaxing)
 .debug_str     0x0000000000001552      0x58b ./zf_device/zf_device_gnss.o
                                        0xf7a (size before relaxing)
 .debug_str     0x0000000000001add      0x204 ./zf_device/zf_device_type.o
                                        0x7b3 (size before relaxing)
 .debug_str     0x0000000000001ce1      0x165 ./zf_common/zf_common_clock.o
                                        0x730 (size before relaxing)
 .debug_str     0x0000000000001e46      0x2bf ./zf_common/zf_common_debug.o
                                        0xd77 (size before relaxing)
 .debug_str     0x0000000000002105      0x1e0 ./zf_common/zf_common_fifo.o
                                        0x835 (size before relaxing)
 .debug_str     0x00000000000022e5      0x19d ./zf_common/zf_common_interrupt.o
                                        0xcd7 (size before relaxing)
 .debug_str     0x0000000000002482      0xbae ./user_c/isr.o
                                       0x153b (size before relaxing)
 .debug_str     0x0000000000003030       0x55 ./user_c/main.o
                                       0x17ee (size before relaxing)
 .debug_str     0x0000000000003085       0x5a ./sdk/Startup/startup_ch32v30x_D8C.o
                                         0x8d (size before relaxing)
 .debug_str     0x00000000000030df       0xfa ./sdk/Peripheral/ch32v30x_exti.o
                                        0x3c5 (size before relaxing)
 .debug_str     0x00000000000031d9      0x253 ./sdk/Peripheral/ch32v30x_gpio.o
                                        0x592 (size before relaxing)
 .debug_str     0x000000000000342c      0x648 ./sdk/Peripheral/ch32v30x_rcc.o
                                        0x8f9 (size before relaxing)
 .debug_str     0x0000000000003a74      0xad0 ./sdk/Peripheral/ch32v30x_tim.o
                                        0xe85 (size before relaxing)
 .debug_str     0x0000000000004544      0x3b1 ./sdk/Peripheral/ch32v30x_usart.o
                                        0x70f (size before relaxing)
 .debug_str     0x00000000000048f5      0x560 ./sdk/Peripheral/ch32v30x_usbotg_device.o
                                        0xc8d (size before relaxing)

.comment        0x0000000000000000       0x33
 .comment       0x0000000000000000       0x33 ./zf_driver/zf_driver_delay.o
                                         0x34 (size before relaxing)
 .comment       0x0000000000000033       0x34 ./zf_driver/zf_driver_exti.o
 .comment       0x0000000000000033       0x34 ./zf_driver/zf_driver_gpio.o
 .comment       0x0000000000000033       0x34 ./zf_driver/zf_driver_uart.o
 .comment       0x0000000000000033       0x34 ./zf_device/zf_device_gnss.o
 .comment       0x0000000000000033       0x34 ./zf_device/zf_device_type.o
 .comment       0x0000000000000033       0x34 ./zf_common/zf_common_clock.o
 .comment       0x0000000000000033       0x34 ./zf_common/zf_common_debug.o
 .comment       0x0000000000000033       0x34 ./zf_common/zf_common_fifo.o
 .comment       0x0000000000000033       0x34 ./zf_common/zf_common_interrupt.o
 .comment       0x0000000000000033       0x34 ./user_c/isr.o
 .comment       0x0000000000000033       0x34 ./user_c/main.o
 .comment       0x0000000000000033       0x34 ./sdk/Peripheral/ch32v30x_exti.o
 .comment       0x0000000000000033       0x34 ./sdk/Peripheral/ch32v30x_gpio.o
 .comment       0x0000000000000033       0x34 ./sdk/Peripheral/ch32v30x_rcc.o
 .comment       0x0000000000000033       0x34 ./sdk/Peripheral/ch32v30x_tim.o
 .comment       0x0000000000000033       0x34 ./sdk/Peripheral/ch32v30x_usart.o
 .comment       0x0000000000000033       0x34 ./sdk/Peripheral/ch32v30x_usbotg_device.o

.debug_frame    0x0000000000000000     0x4ca0
 .debug_frame   0x0000000000000000       0x50 ./zf_driver/zf_driver_delay.o
 .debug_frame   0x0000000000000050       0x78 ./zf_driver/zf_driver_exti.o
 .debug_frame   0x00000000000000c8       0xbc ./zf_driver/zf_driver_gpio.o
 .debug_frame   0x0000000000000184      0x128 ./zf_driver/zf_driver_uart.o
 .debug_frame   0x00000000000002ac      0x228 ./zf_device/zf_device_gnss.o
 .debug_frame   0x00000000000004d4       0x90 ./zf_device/zf_device_type.o
 .debug_frame   0x0000000000000564       0x7c ./zf_common/zf_common_clock.o
 .debug_frame   0x00000000000005e0      0x240 ./zf_common/zf_common_debug.o
 .debug_frame   0x0000000000000820      0x194 ./zf_common/zf_common_fifo.o
 .debug_frame   0x00000000000009b4      0x188 ./zf_common/zf_common_interrupt.o
 .debug_frame   0x0000000000000b3c     0x1294 ./user_c/isr.o
 .debug_frame   0x0000000000001dd0       0xbc ./user_c/main.o
 .debug_frame   0x0000000000001e8c      0x114 ./sdk/Peripheral/ch32v30x_exti.o
 .debug_frame   0x0000000000001fa0      0x260 ./sdk/Peripheral/ch32v30x_gpio.o
 .debug_frame   0x0000000000002200      0x658 ./sdk/Peripheral/ch32v30x_rcc.o
 .debug_frame   0x0000000000002858      0xbbc ./sdk/Peripheral/ch32v30x_tim.o
 .debug_frame   0x0000000000003414      0x3c0 ./sdk/Peripheral/ch32v30x_usart.o
 .debug_frame   0x00000000000037d4      0x190 ./sdk/Peripheral/ch32v30x_usbotg_device.o
 .debug_frame   0x0000000000003964       0x44 c:/mounriver/mounriver_studio2/resources/app/resources/win32/components/wch/toolchain/risc-v embedded gcc/bin/../lib/gcc/riscv-none-embed/8.2.0/rv32imafc/ilp32f\libgcc.a(adddf3.o)
 .debug_frame   0x00000000000039a8       0x58 c:/mounriver/mounriver_studio2/resources/app/resources/win32/components/wch/toolchain/risc-v embedded gcc/bin/../lib/gcc/riscv-none-embed/8.2.0/rv32imafc/ilp32f\libgcc.a(divdf3.o)
 .debug_frame   0x0000000000003a00       0x20 c:/mounriver/mounriver_studio2/resources/app/resources/win32/components/wch/toolchain/risc-v embedded gcc/bin/../lib/gcc/riscv-none-embed/8.2.0/rv32imafc/ilp32f\libgcc.a(eqdf2.o)
 .debug_frame   0x0000000000003a20       0x20 c:/mounriver/mounriver_studio2/resources/app/resources/win32/components/wch/toolchain/risc-v embedded gcc/bin/../lib/gcc/riscv-none-embed/8.2.0/rv32imafc/ilp32f\libgcc.a(gedf2.o)
 .debug_frame   0x0000000000003a40       0x20 c:/mounriver/mounriver_studio2/resources/app/resources/win32/components/wch/toolchain/risc-v embedded gcc/bin/../lib/gcc/riscv-none-embed/8.2.0/rv32imafc/ilp32f\libgcc.a(ledf2.o)
 .debug_frame   0x0000000000003a60       0x58 c:/mounriver/mounriver_studio2/resources/app/resources/win32/components/wch/toolchain/risc-v embedded gcc/bin/../lib/gcc/riscv-none-embed/8.2.0/rv32imafc/ilp32f\libgcc.a(muldf3.o)
 .debug_frame   0x0000000000003ab8       0x44 c:/mounriver/mounriver_studio2/resources/app/resources/win32/components/wch/toolchain/risc-v embedded gcc/bin/../lib/gcc/riscv-none-embed/8.2.0/rv32imafc/ilp32f\libgcc.a(subdf3.o)
 .debug_frame   0x0000000000003afc       0x20 c:/mounriver/mounriver_studio2/resources/app/resources/win32/components/wch/toolchain/risc-v embedded gcc/bin/../lib/gcc/riscv-none-embed/8.2.0/rv32imafc/ilp32f\libgcc.a(unorddf2.o)
 .debug_frame   0x0000000000003b1c       0x20 c:/mounriver/mounriver_studio2/resources/app/resources/win32/components/wch/toolchain/risc-v embedded gcc/bin/../lib/gcc/riscv-none-embed/8.2.0/rv32imafc/ilp32f\libgcc.a(fixdfsi.o)
 .debug_frame   0x0000000000003b3c       0x38 c:/mounriver/mounriver_studio2/resources/app/resources/win32/components/wch/toolchain/risc-v embedded gcc/bin/../lib/gcc/riscv-none-embed/8.2.0/rv32imafc/ilp32f\libgcc.a(floatsidf.o)
 .debug_frame   0x0000000000003b74       0x38 c:/mounriver/mounriver_studio2/resources/app/resources/win32/components/wch/toolchain/risc-v embedded gcc/bin/../lib/gcc/riscv-none-embed/8.2.0/rv32imafc/ilp32f\libgcc.a(floatunsidf.o)
 .debug_frame   0x0000000000003bac       0x20 c:/mounriver/mounriver_studio2/resources/app/resources/win32/components/wch/toolchain/risc-v embedded gcc/bin/../lib/gcc/riscv-none-embed/8.2.0/rv32imafc/ilp32f\libgcc.a(_clzsi2.o)
 .debug_frame   0x0000000000003bcc       0x30 c:/mounriver/mounriver_studio2/resources/app/resources/win32/components/wch/toolchain/risc-v embedded gcc/bin/../lib/gcc/riscv-none-embed/8.2.0/../../../../riscv-none-embed/lib/rv32imafc/ilp32f\libg_nano.a(lib_a-malloc.o)
 .debug_frame   0x0000000000003bfc       0x20 c:/mounriver/mounriver_studio2/resources/app/resources/win32/components/wch/toolchain/risc-v embedded gcc/bin/../lib/gcc/riscv-none-embed/8.2.0/../../../../riscv-none-embed/lib/rv32imafc/ilp32f\libg_nano.a(lib_a-memcpy.o)